Archive member included to satisfy reference by file (symbol)

app/libapp.a(main.c.obj)      (--whole-archive)
zephyr/libzephyr.a(cbprintf.c.obj)
                              (--whole-archive)
zephyr/libzephyr.a(cbprintf_packaged.c.obj)
                              (--whole-archive)
zephyr/libzephyr.a(crc32c_sw.c.obj)
                              (--whole-archive)
zephyr/libzephyr.a(crc32_sw.c.obj)
                              (--whole-archive)
zephyr/libzephyr.a(crc16_sw.c.obj)
                              (--whole-archive)
zephyr/libzephyr.a(crc8_sw.c.obj)
                              (--whole-archive)
zephyr/libzephyr.a(crc7_sw.c.obj)
                              (--whole-archive)
zephyr/libzephyr.a(dec.c.obj)
                              (--whole-archive)
zephyr/libzephyr.a(fdtable.c.obj)
                              (--whole-archive)
zephyr/libzephyr.a(hex.c.obj)
                              (--whole-archive)
zephyr/libzephyr.a(notify.c.obj)
                              (--whole-archive)
zephyr/libzephyr.a(printk.c.obj)
                              (--whole-archive)
zephyr/libzephyr.a(onoff.c.obj)
                              (--whole-archive)
zephyr/libzephyr.a(rb.c.obj)  (--whole-archive)
zephyr/libzephyr.a(sem.c.obj)
                              (--whole-archive)
zephyr/libzephyr.a(thread_entry.c.obj)
                              (--whole-archive)
zephyr/libzephyr.a(timeutil.c.obj)
                              (--whole-archive)
zephyr/libzephyr.a(heap.c.obj)
                              (--whole-archive)
zephyr/libzephyr.a(heap-validate.c.obj)
                              (--whole-archive)
zephyr/libzephyr.a(bitarray.c.obj)
                              (--whole-archive)
zephyr/libzephyr.a(multi_heap.c.obj)
                              (--whole-archive)
zephyr/libzephyr.a(cbprintf_complete.c.obj)
                              (--whole-archive)
zephyr/libzephyr.a(ring_buffer.c.obj)
                              (--whole-archive)
zephyr/libzephyr.a(mpsc_pbuf.c.obj)
                              (--whole-archive)
zephyr/libzephyr.a(reboot.c.obj)
                              (--whole-archive)
zephyr/libzephyr.a(fnmatch.c.obj)
                              (--whole-archive)
zephyr/libzephyr.a(configs.c.obj)
                              (--whole-archive)
zephyr/libzephyr.a(soc_nrf_common.S.obj)
                              (--whole-archive)
zephyr/libzephyr.a(validate_base_addresses.c.obj)
                              (--whole-archive)
zephyr/libzephyr.a(validate_enabled_instances.c.obj)
                              (--whole-archive)
zephyr/libzephyr.a(log_list.c.obj)
                              (--whole-archive)
zephyr/libzephyr.a(log_core.c.obj)
                              (--whole-archive)
zephyr/libzephyr.a(log_mgmt.c.obj)
                              (--whole-archive)
zephyr/libzephyr.a(log_msg.c.obj)
                              (--whole-archive)
zephyr/libzephyr.a(log_output.c.obj)
                              (--whole-archive)
zephyr/libzephyr.a(log_cmds.c.obj)
                              (--whole-archive)
zephyr/libzephyr.a(log_backend_rtt.c.obj)
                              (--whole-archive)
zephyr/libzephyr.a(kernel_service.c.obj)
                              (--whole-archive)
zephyr/libzephyr.a(device_service.c.obj)
                              (--whole-archive)
zephyr/libzephyr.a(devmem_service.c.obj)
                              (--whole-archive)
zephyr/libzephyr.a(shell_uart.c.obj)
                              (--whole-archive)
zephyr/libzephyr.a(shell.c.obj)
                              (--whole-archive)
zephyr/libzephyr.a(shell_fprintf.c.obj)
                              (--whole-archive)
zephyr/libzephyr.a(shell_utils.c.obj)
                              (--whole-archive)
zephyr/libzephyr.a(shell_ops.c.obj)
                              (--whole-archive)
zephyr/libzephyr.a(shell_log_backend.c.obj)
                              (--whole-archive)
zephyr/libzephyr.a(shell_help.c.obj)
                              (--whole-archive)
zephyr/libzephyr.a(shell_cmds.c.obj)
                              (--whole-archive)
zephyr/libzephyr.a(shell_history.c.obj)
                              (--whole-archive)
zephyr/libzephyr.a(shell_wildcard.c.obj)
                              (--whole-archive)
zephyr/libzephyr.a(addr_utils.c.obj)
                              (--whole-archive)
zephyr/libzephyr.a(pm.c.obj)  (--whole-archive)
zephyr/libzephyr.a(constraint.c.obj)
                              (--whole-archive)
zephyr/libzephyr.a(residency.c.obj)
                              (--whole-archive)
zephyr/libzephyr.a(tracing_none.c.obj)
                              (--whole-archive)
zephyr/libzephyr.a(scan.c.obj)
                              (--whole-archive)
zephyr/libzephyr.a(utils.c.obj)
                              (--whole-archive)
zephyr/libzephyr.a(aes_decrypt.c.obj)
                              (--whole-archive)
zephyr/libzephyr.a(aes_encrypt.c.obj)
[...]
Memory Configuration

Name             Origin             Length             Attributes
FLASH            0x00000000         0x00080000         xr
SRAM             0x20000000         0x00010000         xw
IDT_LIST         0xfffff7ff         0x00000800         xw
*default*        0x00000000         0xffffffff

Linker script and memory map

LOAD zephyr/CMakeFiles/zephyr_pre0.dir/misc/empty_file.c.obj
                0x00000020                _region_min_align = 0x20

.rel.plt        0x00000000        0x0
 *(SORT_BY_ALIGNMENT(.rel.plt))
                [!provide]                PROVIDE (__rel_iplt_start = .)
 *(SORT_BY_ALIGNMENT(.rel.iplt))
 .rel.iplt      0x00000000        0x0 app/libapp.a(main.c.obj)
                [!provide]                PROVIDE (__rel_iplt_end = .)

.rela.plt       0x00000000        0x0
 *(SORT_BY_ALIGNMENT(.rela.plt))
                [!provide]                PROVIDE (__rela_iplt_start = .)
 *(SORT_BY_ALIGNMENT(.rela.iplt))
                [!provide]                PROVIDE (__rela_iplt_end = .)

.rel.dyn
 *(SORT_BY_ALIGNMENT(.rel.*))

.rela.dyn
 *(SORT_BY_ALIGNMENT(.rela.*))

/DISCARD/
 *(SORT_BY_ALIGNMENT(.plt))
 *(SORT_BY_ALIGNMENT(.iplt))
 *(SORT_BY_ALIGNMENT(.got.plt))
 *(SORT_BY_ALIGNMENT(.igot.plt))
 *(SORT_BY_ALIGNMENT(.got))
 *(SORT_BY_ALIGNMENT(.igot))
 *(SORT_BY_ALIGNMENT(.note.GNU-stack))
                0x00000000                __rom_region_start = 0x0

rom_start       0x00000000       0xdc
                0x00000000                . = 0x0
                0x00000000                . = ALIGN (0x4)
                0x00000000                . = ALIGN (0x80)
                0x00000000                . = ALIGN (0x100)
                0x00000000                _vector_start = .
 *(SORT_BY_ALIGNMENT(.exc_vector_table))
 *(SORT_BY_ALIGNMENT(.exc_vector_table.*))
 .exc_vector_table._vector_table_section
                0x00000000       0x40 zephyr/arch/arch/arm/core/aarch32/cortex_m/libarch__arm__core__aarch32__cortex_m.a(vector_table.S.obj)
                0x00000000                _vector_table
 *(SORT_BY_ALIGNMENT(.gnu.linkonce.irq_vector_table*))
 .gnu.linkonce.irq_vector_table
                0x00000040       0x9c zephyr/arch/common/libisr_tables.a(isr_tables.c.obj)
                0x00000040                _irq_vector_table
 *(SORT_BY_ALIGNMENT(.vectors))
                0x000000dc                _vector_end = .

text            0x000000dc    0x231f0
                0x000000dc                __text_region_start = .
 *(SORT_BY_ALIGNMENT(.text))
 .text          0x000000dc       0x30 c:/users/ivpi/ncs/v1.9.1/toolchain/opt/bin/../lib/gcc/arm-none-eabi/9.2.1/thumb/v7e-m/nofp\libgcc.a(_aeabi_uldivmod.o)
                0x000000dc                __aeabi_uldivmod
 .text          0x0000010c      0x2c0 c:/users/ivpi/ncs/v1.9.1/toolchain/opt/bin/../lib/gcc/arm-none-eabi/9.2.1/thumb/v7e-m/nofp\libgcc.a(_udivmoddi4.o)
                0x0000010c                __udivmoddi4
 .text          0x000003cc        0x4 c:/users/ivpi/ncs/v1.9.1/toolchain/opt/bin/../lib/gcc/arm-none-eabi/9.2.1/thumb/v7e-m/nofp\libgcc.a(_dvmd_tls.o)
                0x000003cc                __aeabi_idiv0
                0x000003cc                __aeabi_ldiv0
 .text          0x000003d0       0x34 C:/Users/ivpi/ncs/v1.9.1/nrfxlib/mpsl/lib/cortex-m4/soft-float/libmpsl.a(libmpsl_debug_soft__obfuscated.elf)
                0x000003d0                sym_QV6CME4HLWJA6KQZ7HE7ECNT7UGKOYHKNHH6E7I
 .text          0x00000404        0xc C:/Users/ivpi/ncs/v1.9.1/nrfxlib/mpsl/lib/cortex-m4/soft-float/libmpsl.a(libmpsl_debug_soft__obfuscated.elf)
                0x00000404                sym_SKFSQME5SGNPYLL7B75KY7PHXFYWSRI2HSTT45A
 .text          0x00000410       0x1c C:/Users/ivpi/ncs/v1.9.1/nrfxlib/mpsl/lib/cortex-m4/soft-float/libmpsl.a(libmpsl_debug_soft__obfuscated.elf)
                0x00000410                sym_4RNEPYYQOFM4LAOGLN2TB27X7L3XBISTGAWYOHQ
 .text          0x0000042c       0x78 C:/Users/ivpi/ncs/v1.9.1/nrfxlib/mpsl/lib/cortex-m4/soft-float/libmpsl.a(libmpsl_debug_soft__obfuscated.elf)
 .text          0x000004a4      0x2f8 C:/Users/ivpi/ncs/v1.9.1/nrfxlib/mpsl/lib/cortex-m4/soft-float/libmpsl.a(libmpsl_debug_soft__obfuscated.elf)
 .text          0x0000079c      0x100 C:/Users/ivpi/ncs/v1.9.1/nrfxlib/mpsl/lib/cortex-m4/soft-float/libmpsl.a(libmpsl_debug_soft__obfuscated.elf)
 .text          0x0000089c      0x514 C:/Users/ivpi/ncs/v1.9.1/nrfxlib/mpsl/lib/cortex-m4/soft-float/libmpsl.a(libmpsl_debug_soft__obfuscated.elf)
 .text          0x00000db0      0x1a8 C:/Users/ivpi/ncs/v1.9.1/nrfxlib/mpsl/lib/cortex-m4/soft-float/libmpsl.a(libmpsl_debug_soft__obfuscated.elf)
 .text          0x00000f58       0x60 C:/Users/ivpi/ncs/v1.9.1/nrfxlib/mpsl/lib/cortex-m4/soft-float/libmpsl.a(libmpsl_debug_soft__obfuscated.elf)
 .text          0x00000fb8       0xd0 C:/Users/ivpi/ncs/v1.9.1/nrfxlib/mpsl/lib/cortex-m4/soft-float/libmpsl.a(libmpsl_debug_soft__obfuscated.elf)
 .text          0x00001088       0x74 C:/Users/ivpi/ncs/v1.9.1/nrfxlib/mpsl/lib/cortex-m4/soft-float/libmpsl.a(libmpsl_debug_soft__obfuscated.elf)
 .text          0x000010fc       0x60 C:/Users/ivpi/ncs/v1.9.1/nrfxlib/mpsl/lib/cortex-m4/soft-float/libmpsl.a(libmpsl_debug_soft__obfuscated.elf)
 .text          0x0000115c      0x198 C:/Users/ivpi/ncs/v1.9.1/nrfxlib/mpsl/lib/cortex-m4/soft-float/libmpsl.a(libmpsl_debug_soft__obfuscated.elf)
 .text          0x000012f4       0x20 C:/Users/ivpi/ncs/v1.9.1/nrfxlib/mpsl/lib/cortex-m4/soft-float/libmpsl.a(libmpsl_debug_soft__obfuscated.elf)
                0x000012f4                sym_RWBLK2534FJMTER76IYUPZQ3YF74JEALZ2OBIDI
 .text          0x00001314      0x184 C:/Users/ivpi/ncs/v1.9.1/nrfxlib/mpsl/lib/cortex-m4/soft-float/libmpsl.a(libmpsl_debug_soft__obfuscated.elf)
                0x00001314                sym_QWOE5H22ZADGJX5JSROW7BOI32Z6PPEEJCISNOQ
 .text          0x00001498       0x94 C:/Users/ivpi/ncs/v1.9.1/nrfxlib/mpsl/lib/cortex-m4/soft-float/libmpsl.a(libmpsl_debug_soft__obfuscated.elf)
                0x00001498                sym_FWJGAV6HUABGKXBT6K4XJ76WZDWHK3EOQOQRNOI
 .text          0x0000152c       0x20 C:/Users/ivpi/ncs/v1.9.1/nrfxlib/mpsl/lib/cortex-m4/soft-float/libmpsl.a(libmpsl_debug_soft__obfuscated.elf)
                0x0000152c                sym_HVFGTYCGAECGUJHOFSPMGUV2G4PTWWUYTJVAPNA
 .text          0x0000154c       0x64 C:/Users/ivpi/ncs/v1.9.1/nrfxlib/mpsl/lib/cortex-m4/soft-float/libmpsl.a(libmpsl_debug_soft__obfuscated.elf)
                0x0000154c                sym_2O2USXABBLL6KC7E5NJFOHR6JLZMSV4AU5ZYH3Q
 .text          0x000015b0       0x48 C:/Users/ivpi/ncs/v1.9.1/nrfxlib/mpsl/lib/cortex-m4/soft-float/libmpsl.a(libmpsl_debug_soft__obfuscated.elf)
                0x000015b0                sym_VDVM4QLBTRUPEGCBUXIK25LH2KVQWBZXHRBYEFY
 .text          0x000015f8       0x28 C:/Users/ivpi/ncs/v1.9.1/nrfxlib/mpsl/lib/cortex-m4/soft-float/libmpsl.a(libmpsl_debug_soft__obfuscated.elf)
                0x000015f8                sym_W447CEMR6K6QRW3N63PRPIR7NK6ENOSBFXLCPRQ
 .text          0x00001620       0x40 C:/Users/ivpi/ncs/v1.9.1/nrfxlib/mpsl/lib/cortex-m4/soft-float/libmpsl.a(libmpsl_debug_soft__obfuscated.elf)
                0x00001620                sym_UY2NI5OOASY6266A2A7GY3XEUA5M2CDE2WTVEIY
 .text          0x00001660      0x1cc C:/Users/ivpi/ncs/v1.9.1/nrfxlib/mpsl/lib/cortex-m4/soft-float/libmpsl.a(libmpsl_debug_soft__obfuscated.elf)
                0x00001660                sym_J5F7QGRFPKMLWRNSXZXS5YI7BM4DUTISCOASCOA
 .text          0x0000182c      0x39c C:/Users/ivpi/ncs/v1.9.1/nrfxlib/mpsl/lib/cortex-m4/soft-float/libmpsl.a(libmpsl_debug_soft__obfuscated.elf)
                0x0000182c                sym_NFDFVOR5BUFND4TNTGYIYR4ARXJRXWSQ4PVFUKY
 .text          0x00001bc8      0x2c4 C:/Users/ivpi/ncs/v1.9.1/nrfxlib/mpsl/lib/cortex-m4/soft-float/libmpsl.a(libmpsl_debug_soft__obfuscated.elf)
                0x00001bc8                sym_CVH6S6LMSFPC2RM6I6LYWFRVOJUD3A6OCMG7AAI
 .text          0x00001e8c      0x238 C:/Users/ivpi/ncs/v1.9.1/nrfxlib/mpsl/lib/cortex-m4/soft-float/libmpsl.a(libmpsl_debug_soft__obfuscated.elf)
                0x00001e8c                sym_R4Y3KWNYX4PGGLE5X2L7DXMWMJUY3DOXD7LSUKY
 .text          0x000020c4       0x44 C:/Users/ivpi/ncs/v1.9.1/nrfxlib/mpsl/lib/cortex-m4/soft-float/libmpsl.a(libmpsl_debug_soft__obfuscated.elf)
                0x000020c4                sym_CFZK3G6ZC4ONUAYO2UALWQ4CBO7A6ADNAS2FS7Y
 .text          0x00002108      0x218 C:/Users/ivpi/ncs/v1.9.1/nrfxlib/mpsl/lib/cortex-m4/soft-float/libmpsl.a(libmpsl_debug_soft__obfuscated.elf)
                0x00002108                sym_DQFOGVCNU4NTOMWSL3IYDNCMIXT2LT7SZHL5IHI
 .text          0x00002320       0x50 C:/Users/ivpi/ncs/v1.9.1/nrfxlib/mpsl/lib/cortex-m4/soft-float/libmpsl.a(libmpsl_debug_soft__obfuscated.elf)
                0x00002320                sym_RPHL2J7CVNKM6GKLDIFI4NVAPZE2FHTYW4VJSJI
 .text          0x00002370      0x1c4 C:/Users/ivpi/ncs/v1.9.1/nrfxlib/mpsl/lib/cortex-m4/soft-float/libmpsl.a(libmpsl_debug_soft__obfuscated.elf)
                0x00002370                sym_SFR5TVV24PZRIRC5QGOHL2X436PUHKRY2QWKP5Y
 .text          0x00002534       0xe0 C:/Users/ivpi/ncs/v1.9.1/nrfxlib/mpsl/lib/cortex-m4/soft-float/libmpsl.a(libmpsl_debug_soft__obfuscated.elf)
                0x00002534                sym_URFU24FFGR2HYB6CCPIPKPNZNMTWHKDYOATUJNY
 .text          0x00002614       0x8c C:/Users/ivpi/ncs/v1.9.1/nrfxlib/mpsl/lib/cortex-m4/soft-float/libmpsl.a(libmpsl_debug_soft__obfuscated.elf)
                0x00002614                sym_ZC6NJBPUISWILQK6OTOBMJVVUT63JRIDGH5WNCY
 .text          0x000026a0       0x3c C:/Users/ivpi/ncs/v1.9.1/nrfxlib/mpsl/lib/cortex-m4/soft-float/libmpsl.a(libmpsl_debug_soft__obfuscated.elf)
                0x000026a0                sym_4FXF7BZT2IZ3YRYSE3Z2XCICKWZPGDZTXL2ECZQ
 .text          0x000026dc       0x38 C:/Users/ivpi/ncs/v1.9.1/nrfxlib/mpsl/lib/cortex-m4/soft-float/libmpsl.a(libmpsl_debug_soft__obfuscated.elf)
                0x000026dc                sym_PITJNQC6YSCEFAH23N5QRORZDKCSKOAUGBUS6GA
 .text          0x00002714       0x5c C:/Users/ivpi/ncs/v1.9.1/nrfxlib/mpsl/lib/cortex-m4/soft-float/libmpsl.a(libmpsl_debug_soft__obfuscated.elf)
                0x00002714                sym_AOU55ZK756JLPLCLZ5TZSSVKOAWWFUNQZATBXUI
 .text          0x00002770       0xfc C:/Users/ivpi/ncs/v1.9.1/nrfxlib/mpsl/lib/cortex-m4/soft-float/libmpsl.a(libmpsl_debug_soft__obfuscated.elf)
                0x00002770                MPSL_IRQ_RTC0_Handler
 .text          0x0000286c      0x100 C:/Users/ivpi/ncs/v1.9.1/nrfxlib/mpsl/lib/cortex-m4/soft-float/libmpsl.a(libmpsl_debug_soft__obfuscated.elf)
                0x0000286c                MPSL_IRQ_TIMER0_Handler
 .text          0x0000296c       0x64 C:/Users/ivpi/ncs/v1.9.1/nrfxlib/mpsl/lib/cortex-m4/soft-float/libmpsl.a(libmpsl_debug_soft__obfuscated.elf)
 .text          0x000029d0        0xc C:/Users/ivpi/ncs/v1.9.1/nrfxlib/mpsl/lib/cortex-m4/soft-float/libmpsl.a(libmpsl_debug_soft__obfuscated.elf)
                0x000029d0                sym_M4DIQOXJAE3BNHQBIUCZXAABSM24CWUEJOCU7DY
 .text          0x000029dc      0x13c C:/Users/ivpi/ncs/v1.9.1/nrfxlib/mpsl/lib/cortex-m4/soft-float/libmpsl.a(libmpsl_debug_soft__obfuscated.elf)
                0x000029dc                sym_2ZDZA75WOMRNSQ6XL7IZWAQKYFFSRJOGBGKPTIQ
 .text          0x00002b18       0xc8 C:/Users/ivpi/ncs/v1.9.1/nrfxlib/mpsl/lib/cortex-m4/soft-float/libmpsl.a(libmpsl_debug_soft__obfuscated.elf)
                0x00002b18                sym_UGOJA475OXR5HR5WFINUK27HP5BRGNWCZXQLKDI
 .text          0x00002be0        0xc C:/Users/ivpi/ncs/v1.9.1/nrfxlib/mpsl/lib/cortex-m4/soft-float/libmpsl.a(libmpsl_debug_soft__obfuscated.elf)
                0x00002be0                sym_RUQO26WM5KVVEW7O3OHCXPO7LLLXRBDPIPSWIWY
 .text          0x00002bec       0xf8 C:/Users/ivpi/ncs/v1.9.1/nrfxlib/mpsl/lib/cortex-m4/soft-float/libmpsl.a(libmpsl_debug_soft__obfuscated.elf)
                0x00002bec                sym_QUBGY7RMPG7R5F6DVNURH4AVGDAWMK46YXU4DRA
 .text          0x00002ce4      0x1a8 C:/Users/ivpi/ncs/v1.9.1/nrfxlib/mpsl/lib/cortex-m4/soft-float/libmpsl.a(libmpsl_debug_soft__obfuscated.elf)
                0x00002ce4                sym_X2K67YH6UCW6TFK6NTLPZZFGWYHTTPZYK5PXHNQ
 .text          0x00002e8c       0xdc C:/Users/ivpi/ncs/v1.9.1/nrfxlib/mpsl/lib/cortex-m4/soft-float/libmpsl.a(libmpsl_debug_soft__obfuscated.elf)
                0x00002e8c                sym_TSYEIN5CZPQE3YK6VECZD5C2M4LMXKKH6O7LNAY
 .text          0x00002f68       0x94 C:/Users/ivpi/ncs/v1.9.1/nrfxlib/mpsl/lib/cortex-m4/soft-float/libmpsl.a(libmpsl_debug_soft__obfuscated.elf)
                0x00002f68                sym_OLTN5HGCU3P74AJAQRGNYBUXASUKWF3RI2Q3H5Q
 .text          0x00002ffc       0x28 C:/Users/ivpi/ncs/v1.9.1/nrfxlib/mpsl/lib/cortex-m4/soft-float/libmpsl.a(libmpsl_debug_soft__obfuscated.elf)
                0x00002ffc                sym_CPXNCG66C5WXYS4GOKTR2JEIS45ZVRZUCBYX34I
 .text          0x00003024       0x34 C:/Users/ivpi/ncs/v1.9.1/nrfxlib/mpsl/lib/cortex-m4/soft-float/libmpsl.a(libmpsl_debug_soft__obfuscated.elf)
                0x00003024                sym_CQWZ455IMTLTPY5LEEZHXHRRNX223B3HTDD45HA
 .text          0x00003058       0x80 C:/Users/ivpi/ncs/v1.9.1/nrfxlib/mpsl/lib/cortex-m4/soft-float/libmpsl.a(libmpsl_debug_soft__obfuscated.elf)
                0x00003058                sym_3SK52U5TD4ACVVYKWS6UI6ZPWKSLV6BW5IGCPJI
 .text          0x000030d8       0x64 C:/Users/ivpi/ncs/v1.9.1/nrfxlib/mpsl/lib/cortex-m4/soft-float/libmpsl.a(libmpsl_debug_soft__obfuscated.elf)
                0x000030d8                MPSL_IRQ_CLOCK_Handler
 .text          0x0000313c       0x24 C:/Users/ivpi/ncs/v1.9.1/nrfxlib/mpsl/lib/cortex-m4/soft-float/libmpsl.a(libmpsl_debug_soft__obfuscated.elf)
 .text          0x00003160       0x34 C:/Users/ivpi/ncs/v1.9.1/nrfxlib/mpsl/lib/cortex-m4/soft-float/libmpsl.a(libmpsl_debug_soft__obfuscated.elf)
 .text          0x00003194       0x54 C:/Users/ivpi/ncs/v1.9.1/nrfxlib/mpsl/lib/cortex-m4/soft-float/libmpsl.a(libmpsl_debug_soft__obfuscated.elf)
 .text          0x000031e8       0xc8 C:/Users/ivpi/ncs/v1.9.1/nrfxlib/mpsl/lib/cortex-m4/soft-float/libmpsl.a(libmpsl_debug_soft__obfuscated.elf)
 .text          0x000032b0      0x18c C:/Users/ivpi/ncs/v1.9.1/nrfxlib/mpsl/lib/cortex-m4/soft-float/libmpsl.a(libmpsl_debug_soft__obfuscated.elf)
 .text          0x0000343c       0x38 C:/Users/ivpi/ncs/v1.9.1/nrfxlib/mpsl/lib/cortex-m4/soft-float/libmpsl.a(libmpsl_debug_soft__obfuscated.elf)
                0x0000343c                sym_AF5XKA2WT4DMFZTLKHOBWE7E2EZAMLDDFPQGGTQ
 .text          0x00003474       0x28 C:/Users/ivpi/ncs/v1.9.1/nrfxlib/mpsl/lib/cortex-m4/soft-float/libmpsl.a(libmpsl_debug_soft__obfuscated.elf)
                0x00003474                sym_PEUB6CZG5CWXXD4M2S6OVBXZGDFOG4XII7USUDQ
 .text          0x0000349c       0x1c C:/Users/ivpi/ncs/v1.9.1/nrfxlib/mpsl/lib/cortex-m4/soft-float/libmpsl.a(libmpsl_debug_soft__obfuscated.elf)
                0x0000349c                mpsl_clock_hfclk_release
 .text          0x000034b8       0x38 C:/Users/ivpi/ncs/v1.9.1/nrfxlib/mpsl/lib/cortex-m4/soft-float/libmpsl.a(libmpsl_debug_soft__obfuscated.elf)
                0x000034b8                mpsl_clock_hfclk_request
 .text          0x000034f0       0x1c C:/Users/ivpi/ncs/v1.9.1/nrfxlib/mpsl/lib/cortex-m4/soft-float/libmpsl.a(libmpsl_debug_soft__obfuscated.elf)
                0x000034f0                sym_MXEZOAVPP5LXUOZ6LJGDWJ57JEG5BZ5YB7LCG7Y
 .text          0x0000350c       0x38 C:/Users/ivpi/ncs/v1.9.1/nrfxlib/mpsl/lib/cortex-m4/soft-float/libmpsl.a(libmpsl_debug_soft__obfuscated.elf)
                0x0000350c                sym_UZOVMIXHY2SDZSVAWFRK4RKQPHXNS37P2CLQ57A
 .text          0x00003544       0xa4 C:/Users/ivpi/ncs/v1.9.1/nrfxlib/mpsl/lib/cortex-m4/soft-float/libmpsl.a(libmpsl_debug_soft__obfuscated.elf)
                0x00003544                sym_FYHKZOVAJN6VDDHY43FT7PF4YLRDHWRTEWHFG6I
 .text          0x000035e8        0xc C:/Users/ivpi/ncs/v1.9.1/nrfxlib/mpsl/lib/cortex-m4/soft-float/libmpsl.a(libmpsl_debug_soft__obfuscated.elf)
                0x000035e8                sym_ETIE3PCEXQYLK2GIVZENQ6V7PLBRV57MB7BDMNY
 .text          0x000035f4       0x10 C:/Users/ivpi/ncs/v1.9.1/nrfxlib/mpsl/lib/cortex-m4/soft-float/libmpsl.a(libmpsl_debug_soft__obfuscated.elf)
                0x000035f4                sym_4CZSFTTT34WDYFZKE2NSCSVSYLPHLZYN7QUTGHY
 .text          0x00003604       0x84 C:/Users/ivpi/ncs/v1.9.1/nrfxlib/mpsl/lib/cortex-m4/soft-float/libmpsl.a(libmpsl_debug_soft__obfuscated.elf)
                0x00003604                sym_A4JUKJUCTJV55V2WD6TXU63VO5GAMB4XA4EE56Q
 .text          0x00003688       0x18 C:/Users/ivpi/ncs/v1.9.1/nrfxlib/mpsl/lib/cortex-m4/soft-float/libmpsl.a(libmpsl_debug_soft__obfuscated.elf)
                0x00003688                sym_4PX37LW4KIUYQZ73JWLPH5GAGIRWAKTV3E6F62Q
 .text          0x000036a0        0xc C:/Users/ivpi/ncs/v1.9.1/nrfxlib/mpsl/lib/cortex-m4/soft-float/libmpsl.a(libmpsl_debug_soft__obfuscated.elf)
                0x000036a0                sym_PIRI3CTIHOPR5MPDQRHBJRRZEA2NVOD4J3GXGOA
 .text          0x000036ac       0x1c C:/Users/ivpi/ncs/v1.9.1/nrfxlib/mpsl/lib/cortex-m4/soft-float/libmpsl.a(libmpsl_debug_soft__obfuscated.elf)
                0x000036ac                sym_LIY23QT3GHIV7NCGJ6ZW6LB2ZUSI56CIFCL6HUY
 .text          0x000036c8       0x18 C:/Users/ivpi/ncs/v1.9.1/nrfxlib/mpsl/lib/cortex-m4/soft-float/libmpsl.a(libmpsl_debug_soft__obfuscated.elf)
                0x000036c8                sym_XK3TMLCZALCYYWGULGHQIRSOBMPIIPJ7HEMOZIQ
 .text          0x000036e0       0x10 C:/Users/ivpi/ncs/v1.9.1/nrfxlib/mpsl/lib/cortex-m4/soft-float/libmpsl.a(libmpsl_debug_soft__obfuscated.elf)
                0x000036e0                sym_7BUNPUBNWNFVXXIMNFFNK765OVON5LBIUZ66QRI
 .text          0x000036f0       0x30 C:/Users/ivpi/ncs/v1.9.1/nrfxlib/mpsl/lib/cortex-m4/soft-float/libmpsl.a(libmpsl_debug_soft__obfuscated.elf)
 .text          0x00003720       0x24 C:/Users/ivpi/ncs/v1.9.1/nrfxlib/mpsl/lib/cortex-m4/soft-float/libmpsl.a(libmpsl_debug_soft__obfuscated.elf)
 .text          0x00003744       0x14 C:/Users/ivpi/ncs/v1.9.1/nrfxlib/mpsl/lib/cortex-m4/soft-float/libmpsl.a(libmpsl_debug_soft__obfuscated.elf)
                0x00003744                sym_4JLKMM32SOXCP6XBYAWZDUIMUJIYXLKKDBOFLHI
 .text          0x00003758       0x20 C:/Users/ivpi/ncs/v1.9.1/nrfxlib/mpsl/lib/cortex-m4/soft-float/libmpsl.a(libmpsl_debug_soft__obfuscated.elf)
 .text          0x00003778       0x24 C:/Users/ivpi/ncs/v1.9.1/nrfxlib/mpsl/lib/cortex-m4/soft-float/libmpsl.a(libmpsl_debug_soft__obfuscated.elf)
 .text          0x0000379c       0x48 C:/Users/ivpi/ncs/v1.9.1/nrfxlib/mpsl/lib/cortex-m4/soft-float/libmpsl.a(libmpsl_debug_soft__obfuscated.elf)
                0x0000379c                sym_S2UAPMFVIQXDUOA6CV7GJMB33TYHEUH5D6LHO5Q
 .text          0x000037e4       0x68 C:/Users/ivpi/ncs/v1.9.1/nrfxlib/mpsl/lib/cortex-m4/soft-float/libmpsl.a(libmpsl_debug_soft__obfuscated.elf)
                0x000037e4                mpsl_init
 .text          0x0000384c        0xc C:/Users/ivpi/ncs/v1.9.1/nrfxlib/mpsl/lib/cortex-m4/soft-float/libmpsl.a(libmpsl_debug_soft__obfuscated.elf)
                0x0000384c                mpsl_is_initialized
 .text          0x00003858       0x24 C:/Users/ivpi/ncs/v1.9.1/nrfxlib/mpsl/lib/cortex-m4/soft-float/libmpsl.a(libmpsl_debug_soft__obfuscated.elf)
                0x00003858                sym_XR32KBBIVYD5OVRJM2RBQ57EGCCM2C3F5IY6OHQ
 .text          0x0000387c       0x84 C:/Users/ivpi/ncs/v1.9.1/nrfxlib/mpsl/lib/cortex-m4/soft-float/libmpsl.a(libmpsl_debug_soft__obfuscated.elf)
                0x0000387c                mpsl_temperature_get
 .text          0x00003900       0x3c C:/Users/ivpi/ncs/v1.9.1/nrfxlib/mpsl/lib/cortex-m4/soft-float/libmpsl.a(libmpsl_debug_soft__obfuscated.elf)
                0x00003900                sym_W7ROFHNOSDKPIRUKDGIZZ5YR3MC3DAM2YLJOUIA
 .text          0x0000393c       0x38 C:/Users/ivpi/ncs/v1.9.1/nrfxlib/mpsl/lib/cortex-m4/soft-float/libmpsl.a(libmpsl_debug_soft__obfuscated.elf)
                0x0000393c                sym_GURZ3AH6X65RGSKYMYNWZVP6HM56LA5MRAQWT6Q
 .text          0x00003974       0x48 C:/Users/ivpi/ncs/v1.9.1/nrfxlib/mpsl/lib/cortex-m4/soft-float/libmpsl.a(libmpsl_debug_soft__obfuscated.elf)
                0x00003974                sym_VWGRUQT3LYZHLYS5KJ7UOCJEHLDJTWH4RVJBGKQ
 .text          0x000039bc       0x2c C:/Users/ivpi/ncs/v1.9.1/nrfxlib/mpsl/lib/cortex-m4/soft-float/libmpsl.a(libmpsl_debug_soft__obfuscated.elf)
                0x000039bc                sym_4WL3TG4Q7RCTFEMPQ2CQTOL4PAKUULDPJUM5DTY
 .text          0x000039e8       0x60 C:/Users/ivpi/ncs/v1.9.1/nrfxlib/mpsl/lib/cortex-m4/soft-float/libmpsl.a(libmpsl_debug_soft__obfuscated.elf)
                0x000039e8                sym_PAD7XREQQORPXRJMXMW2EYVS4S43S42A5D43SBA
 .text          0x00003a48       0x34 C:/Users/ivpi/ncs/v1.9.1/nrfxlib/mpsl/lib/cortex-m4/soft-float/libmpsl.a(libmpsl_debug_soft__obfuscated.elf)
                0x00003a48                sym_NIQMZN22R7GGCSNM3BZ25GTCR6D457XB3DIUGWA
 .text          0x00003a7c        0xc C:/Users/ivpi/ncs/v1.9.1/nrfxlib/mpsl/lib/cortex-m4/soft-float/libmpsl.a(libmpsl_debug_soft__obfuscated.elf)
                0x00003a7c                mpsl_fem_disable
 .text          0x00003a88        0xc C:/Users/ivpi/ncs/v1.9.1/nrfxlib/mpsl/lib/cortex-m4/soft-float/libmpsl.a(libmpsl_debug_soft__obfuscated.elf)
                0x00003a88                mpsl_fem_lna_configuration_clear
 .text          0x00003a94        0xc C:/Users/ivpi/ncs/v1.9.1/nrfxlib/mpsl/lib/cortex-m4/soft-float/libmpsl.a(libmpsl_debug_soft__obfuscated.elf)
                0x00003a94                mpsl_fem_lna_configuration_set
 .text          0x00003aa0        0xc C:/Users/ivpi/ncs/v1.9.1/nrfxlib/mpsl/lib/cortex-m4/soft-float/libmpsl.a(libmpsl_debug_soft__obfuscated.elf)
                0x00003aa0                mpsl_fem_pa_configuration_clear
 .text          0x00003aac        0xc C:/Users/ivpi/ncs/v1.9.1/nrfxlib/mpsl/lib/cortex-m4/soft-float/libmpsl.a(libmpsl_debug_soft__obfuscated.elf)
                0x00003aac                mpsl_fem_pa_configuration_set
 .text          0x00003ab8        0xc C:/Users/ivpi/ncs/v1.9.1/nrfxlib/mpsl/lib/cortex-m4/soft-float/libmpsl.a(libmpsl_debug_soft__obfuscated.elf)
                0x00003ab8                mpsl_fem_pa_is_configured
 .text          0x00003ac4        0xc C:/Users/ivpi/ncs/v1.9.1/nrfxlib/mpsl/lib/cortex-m4/soft-float/libmpsl.a(libmpsl_debug_soft__obfuscated.elf)
                0x00003ac4                mpsl_fem_device_config_254_apply_get
 .text          0x00003ad0       0x68 C:/Users/ivpi/ncs/v1.9.1/nrfxlib/softdevice_controller/lib/cortex-m4/soft-float/libsoftdevice_controller_central.a(libsoftdevice_controller_s123_debug_soft__obfuscated.elf)
 .text          0x00003b38       0x64 C:/Users/ivpi/ncs/v1.9.1/nrfxlib/softdevice_controller/lib/cortex-m4/soft-float/libsoftdevice_controller_central.a(libsoftdevice_controller_s123_debug_soft__obfuscated.elf)
 .text          0x00003b9c       0x1c C:/Users/ivpi/ncs/v1.9.1/nrfxlib/softdevice_controller/lib/cortex-m4/soft-float/libsoftdevice_controller_central.a(libsoftdevice_controller_s123_debug_soft__obfuscated.elf)
                0x00003b9c                sdc_build_revision_get
 .text          0x00003bb8       0xbc C:/Users/ivpi/ncs/v1.9.1/nrfxlib/softdevice_controller/lib/cortex-m4/soft-float/libsoftdevice_controller_central.a(libsoftdevice_controller_s123_debug_soft__obfuscated.elf)
                0x00003bb8                sdc_cfg_set
 .text          0x00003c74       0x50 C:/Users/ivpi/ncs/v1.9.1/nrfxlib/softdevice_controller/lib/cortex-m4/soft-float/libsoftdevice_controller_central.a(libsoftdevice_controller_s123_debug_soft__obfuscated.elf)
                0x00003c74                sdc_enable
 .text          0x00003cc4       0x98 C:/Users/ivpi/ncs/v1.9.1/nrfxlib/softdevice_controller/lib/cortex-m4/soft-float/libsoftdevice_controller_central.a(libsoftdevice_controller_s123_debug_soft__obfuscated.elf)
                0x00003cc4                sdc_init
 .text          0x00003d5c       0x68 C:/Users/ivpi/ncs/v1.9.1/nrfxlib/softdevice_controller/lib/cortex-m4/soft-float/libsoftdevice_controller_central.a(libsoftdevice_controller_s123_debug_soft__obfuscated.elf)
                0x00003d5c                sym_476LRB5XNUARAHCHHC7ZAIGPFC5VZ4W2N4467LI
 .text          0x00003dc4       0x20 C:/Users/ivpi/ncs/v1.9.1/nrfxlib/softdevice_controller/lib/cortex-m4/soft-float/libsoftdevice_controller_central.a(libsoftdevice_controller_s123_debug_soft__obfuscated.elf)
                0x00003dc4                sdc_support_dle
 .text          0x00003de4       0x20 C:/Users/ivpi/ncs/v1.9.1/nrfxlib/softdevice_controller/lib/cortex-m4/soft-float/libsoftdevice_controller_central.a(libsoftdevice_controller_s123_debug_soft__obfuscated.elf)
                0x00003de4                sdc_support_le_2m_phy
 .text          0x00003e04       0x20 C:/Users/ivpi/ncs/v1.9.1/nrfxlib/softdevice_controller/lib/cortex-m4/soft-float/libsoftdevice_controller_central.a(libsoftdevice_controller_s123_debug_soft__obfuscated.elf)
                0x00003e04                sdc_support_master
 .text          0x00003e24       0x24 C:/Users/ivpi/ncs/v1.9.1/nrfxlib/softdevice_controller/lib/cortex-m4/soft-float/libsoftdevice_controller_central.a(libsoftdevice_controller_s123_debug_soft__obfuscated.elf)
                0x00003e24                sdc_support_scan
 .text          0x00003e48       0x30 C:/Users/ivpi/ncs/v1.9.1/nrfxlib/softdevice_controller/lib/cortex-m4/soft-float/libsoftdevice_controller_central.a(libsoftdevice_controller_s123_debug_soft__obfuscated.elf)
 .text          0x00003e78       0x1c C:/Users/ivpi/ncs/v1.9.1/nrfxlib/softdevice_controller/lib/cortex-m4/soft-float/libsoftdevice_controller_central.a(libsoftdevice_controller_s123_debug_soft__obfuscated.elf)
                0x00003e78                sym_4BGPQMJJRBR2ET4K6M3CH3OLXQGTP2TS7FVXINA
 .text          0x00003e94       0x1c C:/Users/ivpi/ncs/v1.9.1/nrfxlib/softdevice_controller/lib/cortex-m4/soft-float/libsoftdevice_controller_central.a(libsoftdevice_controller_s123_debug_soft__obfuscated.elf)
                0x00003e94                sym_RC3WH4TL55HJBAU6BTOKWYOXZCF7BBTLBHIRO6A
 .text          0x00003eb0       0x1c C:/Users/ivpi/ncs/v1.9.1/nrfxlib/softdevice_controller/lib/cortex-m4/soft-float/libsoftdevice_controller_central.a(libsoftdevice_controller_s123_debug_soft__obfuscated.elf)
                0x00003eb0                sym_CVMXQJYKHZVHIOMGOYEICPLVAIQNUBL6USVNZSA
 .text          0x00003ecc       0x1c C:/Users/ivpi/ncs/v1.9.1/nrfxlib/softdevice_controller/lib/cortex-m4/soft-float/libsoftdevice_controller_central.a(libsoftdevice_controller_s123_debug_soft__obfuscated.elf)
                0x00003ecc                sym_EZ7BAEZZMYJFIJAONX254JF3WPGEXUT4NMP2WJQ
 .text          0x00003ee8       0x10 C:/Users/ivpi/ncs/v1.9.1/nrfxlib/softdevice_controller/lib/cortex-m4/soft-float/libsoftdevice_controller_central.a(libsoftdevice_controller_s123_debug_soft__obfuscated.elf)
                0x00003ee8                sdc_rand_source_register
 .text          0x00003ef8       0x50 C:/Users/ivpi/ncs/v1.9.1/nrfxlib/softdevice_controller/lib/cortex-m4/soft-float/libsoftdevice_controller_central.a(libsoftdevice_controller_s123_debug_soft__obfuscated.elf)
                0x00003ef8                sym_MEYOCD6AYGN6BYYH5M35H6GLLMHM6TYBBTCW2LI
 .text          0x00003f48       0x5c C:/Users/ivpi/ncs/v1.9.1/nrfxlib/softdevice_controller/lib/cortex-m4/soft-float/libsoftdevice_controller_central.a(libsoftdevice_controller_s123_debug_soft__obfuscated.elf)
 .text          0x00003fa4       0x5c C:/Users/ivpi/ncs/v1.9.1/nrfxlib/softdevice_controller/lib/cortex-m4/soft-float/libsoftdevice_controller_central.a(libsoftdevice_controller_s123_debug_soft__obfuscated.elf)
 .text          0x00004000       0x38 C:/Users/ivpi/ncs/v1.9.1/nrfxlib/softdevice_controller/lib/cortex-m4/soft-float/libsoftdevice_controller_central.a(libsoftdevice_controller_s123_debug_soft__obfuscated.elf)
                0x00004000                sym_Z7NJGBYWCKFTEHRYWAIDKWPEUN45273QSWUA5CY
 .text          0x00004038       0x1c C:/Users/ivpi/ncs/v1.9.1/nrfxlib/softdevice_controller/lib/cortex-m4/soft-float/libsoftdevice_controller_central.a(libsoftdevice_controller_s123_debug_soft__obfuscated.elf)
                0x00004038                sym_CEENVC5DZRUT7MGF5LABXKT4NV7YUL5F6EX6TEQ
 .text          0x00004054        0xc C:/Users/ivpi/ncs/v1.9.1/nrfxlib/softdevice_controller/lib/cortex-m4/soft-float/libsoftdevice_controller_central.a(libsoftdevice_controller_s123_debug_soft__obfuscated.elf)
                0x00004054                sym_PPT6FEOF2T6DRALMCRRTUI7CHLEPBAN25HYV3KQ
 .text          0x00004060       0x1c C:/Users/ivpi/ncs/v1.9.1/nrfxlib/softdevice_controller/lib/cortex-m4/soft-float/libsoftdevice_controller_central.a(libsoftdevice_controller_s123_debug_soft__obfuscated.elf)
                0x00004060                sym_TU2SMBIUC7JL6C3K2XB6727DQLBLV5LEGIMZAFQ
 .text          0x0000407c        0xc C:/Users/ivpi/ncs/v1.9.1/nrfxlib/softdevice_controller/lib/cortex-m4/soft-float/libsoftdevice_controller_central.a(libsoftdevice_controller_s123_debug_soft__obfuscated.elf)
                0x0000407c                sym_CIVMWIRGIOQ374UFFPIFNN4ZGKYK2FRKTT6YRYA
 .text          0x00004088       0x1c C:/Users/ivpi/ncs/v1.9.1/nrfxlib/softdevice_controller/lib/cortex-m4/soft-float/libsoftdevice_controller_central.a(libsoftdevice_controller_s123_debug_soft__obfuscated.elf)
                0x00004088                sym_TG7NSIC2UKHCUBZWZ4K4EMD5QRI2QVSKVKV6CFQ
 .text          0x000040a4       0x1c C:/Users/ivpi/ncs/v1.9.1/nrfxlib/softdevice_controller/lib/cortex-m4/soft-float/libsoftdevice_controller_central.a(libsoftdevice_controller_s123_debug_soft__obfuscated.elf)
                0x000040a4                sdc_hci_cmd_cb_reset
 .text          0x000040c0        0xc C:/Users/ivpi/ncs/v1.9.1/nrfxlib/softdevice_controller/lib/cortex-m4/soft-float/libsoftdevice_controller_central.a(libsoftdevice_controller_s123_debug_soft__obfuscated.elf)
                0x000040c0                sym_G3KVRHCJDVHL7HV53526V3YI3DTK2IW2CADUWZQ
 .text          0x000040cc       0x20 C:/Users/ivpi/ncs/v1.9.1/nrfxlib/softdevice_controller/lib/cortex-m4/soft-float/libsoftdevice_controller_central.a(libsoftdevice_controller_s123_debug_soft__obfuscated.elf)
                0x000040cc                sdc_hci_cmd_vs_zephyr_read_version_info
 .text          0x000040ec       0x36 C:/Users/ivpi/ncs/v1.9.1/nrfxlib/softdevice_controller/lib/cortex-m4/soft-float/libsoftdevice_controller_central.a(libsoftdevice_controller_s123_debug_soft__obfuscated.elf)
                0x000040ec                sym_HNCDHITBYWLO4GMOSPKCO7YXRRWIUQ2IKIZ4C5A
 *fill*         0x00004122        0x2 
 .text          0x00004124       0x18 C:/Users/ivpi/ncs/v1.9.1/nrfxlib/softdevice_controller/lib/cortex-m4/soft-float/libsoftdevice_controller_central.a(libsoftdevice_controller_s123_debug_soft__obfuscated.elf)
                0x00004124                sym_XHE47EZYHONCPR22HUAZULMCALDJINMYREOFDEI
 .text          0x0000413c       0x80 C:/Users/ivpi/ncs/v1.9.1/nrfxlib/softdevice_controller/lib/cortex-m4/soft-float/libsoftdevice_controller_central.a(libsoftdevice_controller_s123_debug_soft__obfuscated.elf)
                0x0000413c                sym_EQ53CEL7EDVHMFMHMFPRRQU46C5YKKFEBAACFOA
 .text          0x000041bc       0x4c C:/Users/ivpi/ncs/v1.9.1/nrfxlib/softdevice_controller/lib/cortex-m4/soft-float/libsoftdevice_controller_central.a(libsoftdevice_controller_s123_debug_soft__obfuscated.elf)
                0x000041bc                sym_6I4XEOIW7LI2E3Z53L54ZHQQHYICXR4H4JQWXLA
 .text          0x00004208       0x50 C:/Users/ivpi/ncs/v1.9.1/nrfxlib/softdevice_controller/lib/cortex-m4/soft-float/libsoftdevice_controller_central.a(libsoftdevice_controller_s123_debug_soft__obfuscated.elf)
                0x00004208                sym_DMJHGENWVWA7ILXIIOOHU6SYMMXUDCUFUUBACLQ
 .text          0x00004258       0x54 C:/Users/ivpi/ncs/v1.9.1/nrfxlib/softdevice_controller/lib/cortex-m4/soft-float/libsoftdevice_controller_central.a(libsoftdevice_controller_s123_debug_soft__obfuscated.elf)
                0x00004258                sym_4AWF7EXI3MMHUULTY73E756U3IY5DEXOZ265MZY
 .text          0x000042ac       0x70 C:/Users/ivpi/ncs/v1.9.1/nrfxlib/softdevice_controller/lib/cortex-m4/soft-float/libsoftdevice_controller_central.a(libsoftdevice_controller_s123_debug_soft__obfuscated.elf)
 .text          0x0000431c       0x20 C:/Users/ivpi/ncs/v1.9.1/nrfxlib/softdevice_controller/lib/cortex-m4/soft-float/libsoftdevice_controller_central.a(libsoftdevice_controller_s123_debug_soft__obfuscated.elf)
 .text          0x0000433c       0x64 C:/Users/ivpi/ncs/v1.9.1/nrfxlib/softdevice_controller/lib/cortex-m4/soft-float/libsoftdevice_controller_central.a(libsoftdevice_controller_s123_debug_soft__obfuscated.elf)
 .text          0x000043a0       0x14 C:/Users/ivpi/ncs/v1.9.1/nrfxlib/softdevice_controller/lib/cortex-m4/soft-float/libsoftdevice_controller_central.a(libsoftdevice_controller_s123_debug_soft__obfuscated.elf)
 .text          0x000043b4        0xc C:/Users/ivpi/ncs/v1.9.1/nrfxlib/softdevice_controller/lib/cortex-m4/soft-float/libsoftdevice_controller_central.a(libsoftdevice_controller_s123_debug_soft__obfuscated.elf)
 .text          0x000043c0        0xc C:/Users/ivpi/ncs/v1.9.1/nrfxlib/softdevice_controller/lib/cortex-m4/soft-float/libsoftdevice_controller_central.a(libsoftdevice_controller_s123_debug_soft__obfuscated.elf)
 .text          0x000043cc       0xa4 C:/Users/ivpi/ncs/v1.9.1/nrfxlib/softdevice_controller/lib/cortex-m4/soft-float/libsoftdevice_controller_central.a(libsoftdevice_controller_s123_debug_soft__obfuscated.elf)
                0x000043cc                sym_24NU2MJKHN4R2Z7HXHMPDWTTDYSB32VL6HEQPZA
 .text          0x00004470       0x58 C:/Users/ivpi/ncs/v1.9.1/nrfxlib/softdevice_controller/lib/cortex-m4/soft-float/libsoftdevice_controller_central.a(libsoftdevice_controller_s123_debug_soft__obfuscated.elf)
                0x00004470                sym_3QFBRH4ZSIA64QP2I3K547Y5WIALGQTCBP5Y5SQ
 .text          0x000044c8       0x68 C:/Users/ivpi/ncs/v1.9.1/nrfxlib/softdevice_controller/lib/cortex-m4/soft-float/libsoftdevice_controller_central.a(libsoftdevice_controller_s123_debug_soft__obfuscated.elf)
                0x000044c8                sym_6DYG6C6ROXZA67GZINNB2XIQHL3KE2RCKK4QFXA
 .text          0x00004530       0x28 C:/Users/ivpi/ncs/v1.9.1/nrfxlib/softdevice_controller/lib/cortex-m4/soft-float/libsoftdevice_controller_central.a(libsoftdevice_controller_s123_debug_soft__obfuscated.elf)
                0x00004530                sym_NOQRMQ5IH6SQFJEPI5A3UBMITO54HG4WO4DTTXA
 .text          0x00004558       0x2c C:/Users/ivpi/ncs/v1.9.1/nrfxlib/softdevice_controller/lib/cortex-m4/soft-float/libsoftdevice_controller_central.a(libsoftdevice_controller_s123_debug_soft__obfuscated.elf)
                0x00004558                sym_YNBBHT54WKEGUNVC6TSBMRGLF67VFWBOYEMKGTQ
 .text          0x00004584       0x30 C:/Users/ivpi/ncs/v1.9.1/nrfxlib/softdevice_controller/lib/cortex-m4/soft-float/libsoftdevice_controller_central.a(libsoftdevice_controller_s123_debug_soft__obfuscated.elf)
                0x00004584                sym_35ZAQW4ABRMBYES2ZHPK63BHZAFFFC4WMGEJ6NA
 .text          0x000045b4        0xc C:/Users/ivpi/ncs/v1.9.1/nrfxlib/softdevice_controller/lib/cortex-m4/soft-float/libsoftdevice_controller_central.a(libsoftdevice_controller_s123_debug_soft__obfuscated.elf)
                0x000045b4                sym_T2QNNWUTM65WBDBLEARH7OL5MCXHDWSFLTDJXPA
 .text          0x000045c0        0xc C:/Users/ivpi/ncs/v1.9.1/nrfxlib/softdevice_controller/lib/cortex-m4/soft-float/libsoftdevice_controller_central.a(libsoftdevice_controller_s123_debug_soft__obfuscated.elf)
                0x000045c0                sym_GWOETDUP4AGSQI2MSVZQXBAMRLSGTNS7KFHSH6Q
 .text          0x000045cc       0x3c C:/Users/ivpi/ncs/v1.9.1/nrfxlib/softdevice_controller/lib/cortex-m4/soft-float/libsoftdevice_controller_central.a(libsoftdevice_controller_s123_debug_soft__obfuscated.elf)
                0x000045cc                sym_JKTUFSDBLEJK3JCIOVWBB4AVHFNXLCVLU47RLVA
 .text          0x00004608       0x10 C:/Users/ivpi/ncs/v1.9.1/nrfxlib/softdevice_controller/lib/cortex-m4/soft-float/libsoftdevice_controller_central.a(libsoftdevice_controller_s123_debug_soft__obfuscated.elf)
                0x00004608                sym_2KMY2O5SI5PPAQCNJOFFAGVJQKWBRKEGNZW2ZHQ
 .text          0x00004618       0x30 C:/Users/ivpi/ncs/v1.9.1/nrfxlib/softdevice_controller/lib/cortex-m4/soft-float/libsoftdevice_controller_central.a(libsoftdevice_controller_s123_debug_soft__obfuscated.elf)
 .text          0x00004648       0x5c C:/Users/ivpi/ncs/v1.9.1/nrfxlib/softdevice_controller/lib/cortex-m4/soft-float/libsoftdevice_controller_central.a(libsoftdevice_controller_s123_debug_soft__obfuscated.elf)
 .text          0x000046a4       0x6c C:/Users/ivpi/ncs/v1.9.1/nrfxlib/softdevice_controller/lib/cortex-m4/soft-float/libsoftdevice_controller_central.a(libsoftdevice_controller_s123_debug_soft__obfuscated.elf)
 .text          0x00004710       0x30 C:/Users/ivpi/ncs/v1.9.1/nrfxlib/softdevice_controller/lib/cortex-m4/soft-float/libsoftdevice_controller_central.a(libsoftdevice_controller_s123_debug_soft__obfuscated.elf)
                0x00004710                sym_E5WZNPP2DINHF6K4PHXLYLX5AXTYBQYGQESRSGQ
 .text          0x00004740       0xec C:/Users/ivpi/ncs/v1.9.1/nrfxlib/softdevice_controller/lib/cortex-m4/soft-float/libsoftdevice_controller_central.a(libsoftdevice_controller_s123_debug_soft__obfuscated.elf)
                0x00004740                sym_2ZCOT6ZEUU54S36NE627GOZVLBS26AFIUJKNLBI
 .text          0x0000482c       0x28 C:/Users/ivpi/ncs/v1.9.1/nrfxlib/softdevice_controller/lib/cortex-m4/soft-float/libsoftdevice_controller_central.a(libsoftdevice_controller_s123_debug_soft__obfuscated.elf)
                0x0000482c                sym_RZ4KEX57U2ASIFFSRQDHBCB7WVJNTOCZSYKJFSA
 .text          0x00004854       0x4c C:/Users/ivpi/ncs/v1.9.1/nrfxlib/softdevice_controller/lib/cortex-m4/soft-float/libsoftdevice_controller_central.a(libsoftdevice_controller_s123_debug_soft__obfuscated.elf)
                0x00004854                sym_YRXVGCYVFXOSIQO43AC5UEELHEXP2A4UAFUQRPI
 .text          0x000048a0       0x10 C:/Users/ivpi/ncs/v1.9.1/nrfxlib/softdevice_controller/lib/cortex-m4/soft-float/libsoftdevice_controller_central.a(libsoftdevice_controller_s123_debug_soft__obfuscated.elf)
                0x000048a0                sym_7YLXP6BHTAWWWMXLB5XOZU3Q27WEPTH5PONOKOI
 .text          0x000048b0       0x28 C:/Users/ivpi/ncs/v1.9.1/nrfxlib/softdevice_controller/lib/cortex-m4/soft-float/libsoftdevice_controller_central.a(libsoftdevice_controller_s123_debug_soft__obfuscated.elf)
                0x000048b0                sym_QFSP7NEBRUPCXI7KU3RYDOWD7SSPVNXVSULPYYY
 .text          0x000048d8        0xc C:/Users/ivpi/ncs/v1.9.1/nrfxlib/softdevice_controller/lib/cortex-m4/soft-float/libsoftdevice_controller_central.a(libsoftdevice_controller_s123_debug_soft__obfuscated.elf)
                0x000048d8                sym_O2AFZAWKVBYRIBDK67CHKRSMY4WR2S6V2VOPETI
 .text          0x000048e4       0x24 C:/Users/ivpi/ncs/v1.9.1/nrfxlib/softdevice_controller/lib/cortex-m4/soft-float/libsoftdevice_controller_central.a(libsoftdevice_controller_s123_debug_soft__obfuscated.elf)
                0x000048e4                sym_V7MOOXL5SOLISKFFGWJC7M3XDITU574WBQOXGWY
 .text          0x00004908        0xc C:/Users/ivpi/ncs/v1.9.1/nrfxlib/softdevice_controller/lib/cortex-m4/soft-float/libsoftdevice_controller_central.a(libsoftdevice_controller_s123_debug_soft__obfuscated.elf)
                0x00004908                sym_IXGTNRGKILIZPWG2NJIZ2ALUPW2IM3XFVCGJW2I
 .text          0x00004914       0x2c C:/Users/ivpi/ncs/v1.9.1/nrfxlib/softdevice_controller/lib/cortex-m4/soft-float/libsoftdevice_controller_central.a(libsoftdevice_controller_s123_debug_soft__obfuscated.elf)
                0x00004914                sym_54CHYGRI3UHSVLN5ZOGJESXNRISJW5CS4IYBN7Y
 .text          0x00004940       0x28 C:/Users/ivpi/ncs/v1.9.1/nrfxlib/softdevice_controller/lib/cortex-m4/soft-float/libsoftdevice_controller_central.a(libsoftdevice_controller_s123_debug_soft__obfuscated.elf)
                0x00004940                sym_AGWGY6I3YKHHV6TMAWL24HN4IKGOB7PZYXPWBRA
 .text          0x00004968       0x24 C:/Users/ivpi/ncs/v1.9.1/nrfxlib/softdevice_controller/lib/cortex-m4/soft-float/libsoftdevice_controller_central.a(libsoftdevice_controller_s123_debug_soft__obfuscated.elf)
                0x00004968                sym_JHXS4T25BAYOMDDZMWPX3HMPENRV73GSV2RYHAI
 .text          0x0000498c       0x2c C:/Users/ivpi/ncs/v1.9.1/nrfxlib/softdevice_controller/lib/cortex-m4/soft-float/libsoftdevice_controller_central.a(libsoftdevice_controller_s123_debug_soft__obfuscated.elf)
                0x0000498c                sym_65LA7GM3MU7DDFQKTB75BYTZMPMROSWKS3VXCNI
 .text          0x000049b8        0xc C:/Users/ivpi/ncs/v1.9.1/nrfxlib/softdevice_controller/lib/cortex-m4/soft-float/libsoftdevice_controller_central.a(libsoftdevice_controller_s123_debug_soft__obfuscated.elf)
                0x000049b8                sym_NKFCLZ5HTE6KVHDV5DGZ6TJP4KSZI43SYBECPRY
 .text          0x000049c4       0x20 C:/Users/ivpi/ncs/v1.9.1/nrfxlib/softdevice_controller/lib/cortex-m4/soft-float/libsoftdevice_controller_central.a(libsoftdevice_controller_s123_debug_soft__obfuscated.elf)
                0x000049c4                sym_MJCF2WRL4I323V23HKVENOJWV5IXH54R5X6LJRY
 .text          0x000049e4       0x1c C:/Users/ivpi/ncs/v1.9.1/nrfxlib/softdevice_controller/lib/cortex-m4/soft-float/libsoftdevice_controller_central.a(libsoftdevice_controller_s123_debug_soft__obfuscated.elf)
 .text          0x00004a00       0x30 C:/Users/ivpi/ncs/v1.9.1/nrfxlib/softdevice_controller/lib/cortex-m4/soft-float/libsoftdevice_controller_central.a(libsoftdevice_controller_s123_debug_soft__obfuscated.elf)
                0x00004a00                sym_WCOWXKSKBH7DOKKKINFZAPWXKW4NYAUCJWTUKBI
 .text          0x00004a30       0x28 C:/Users/ivpi/ncs/v1.9.1/nrfxlib/softdevice_controller/lib/cortex-m4/soft-float/libsoftdevice_controller_central.a(libsoftdevice_controller_s123_debug_soft__obfuscated.elf)
                0x00004a30                sym_QKSVBALUN2V4XT4OCC56LE75IAYLDFRRIVLBZ2Q
 .text          0x00004a58       0x20 C:/Users/ivpi/ncs/v1.9.1/nrfxlib/softdevice_controller/lib/cortex-m4/soft-float/libsoftdevice_controller_central.a(libsoftdevice_controller_s123_debug_soft__obfuscated.elf)
                0x00004a58                sym_AO3U45UEGFLUPMT565ZR5UWUQUONF5AKILLCT3A
 .text          0x00004a78        0xc C:/Users/ivpi/ncs/v1.9.1/nrfxlib/softdevice_controller/lib/cortex-m4/soft-float/libsoftdevice_controller_central.a(libsoftdevice_controller_s123_debug_soft__obfuscated.elf)
                0x00004a78                sym_4UMPVHCMNEM5ENBBHCLGXZREGEKKHKHZOKNMH2I
 .text          0x00004a84       0x54 C:/Users/ivpi/ncs/v1.9.1/nrfxlib/softdevice_controller/lib/cortex-m4/soft-float/libsoftdevice_controller_central.a(libsoftdevice_controller_s123_debug_soft__obfuscated.elf)
                0x00004a84                sym_Y7AVZMA56ZL7YUO4EH7QCTNH6P3ZXX2D4F33L2I
 .text          0x00004ad8       0x28 C:/Users/ivpi/ncs/v1.9.1/nrfxlib/softdevice_controller/lib/cortex-m4/soft-float/libsoftdevice_controller_central.a(libsoftdevice_controller_s123_debug_soft__obfuscated.elf)
                0x00004ad8                sym_ULQ236TSMK6UJATLJCXSX5JBKSVB4ZM2NNU74PA
 .text          0x00004b00        0xc C:/Users/ivpi/ncs/v1.9.1/nrfxlib/softdevice_controller/lib/cortex-m4/soft-float/libsoftdevice_controller_central.a(libsoftdevice_controller_s123_debug_soft__obfuscated.elf)
                0x00004b00                sym_4OWM6DBJ6JLAWH2MVU52MKC56VOOJLN34T33LQA
 .text          0x00004b0c      0x1b0 C:/Users/ivpi/ncs/v1.9.1/nrfxlib/softdevice_controller/lib/cortex-m4/soft-float/libsoftdevice_controller_central.a(libsoftdevice_controller_s123_debug_soft__obfuscated.elf)
                0x00004b0c                sym_SQINY6V2VHFAHM5HL3H753H3QE3VQ7FWHCIJ57Q
 .text          0x00004cbc       0xdc C:/Users/ivpi/ncs/v1.9.1/nrfxlib/softdevice_controller/lib/cortex-m4/soft-float/libsoftdevice_controller_central.a(libsoftdevice_controller_s123_debug_soft__obfuscated.elf)
                0x00004cbc                sym_P6ESEOOF3E3ZRYNBCJWJZXMT4EPJJMHF472YBMQ
 .text          0x00004d98       0x1c C:/Users/ivpi/ncs/v1.9.1/nrfxlib/softdevice_controller/lib/cortex-m4/soft-float/libsoftdevice_controller_central.a(libsoftdevice_controller_s123_debug_soft__obfuscated.elf)
                0x00004d98                sym_CZFK26FRDZ53FUV75DOIMFWVD4RTHYB6I22U4LA
 .text          0x00004db4       0x50 C:/Users/ivpi/ncs/v1.9.1/nrfxlib/softdevice_controller/lib/cortex-m4/soft-float/libsoftdevice_controller_central.a(libsoftdevice_controller_s123_debug_soft__obfuscated.elf)
                0x00004db4                sym_WCN6C6ROB2XGQKTGXN5OMY5TLRX5IYOWNO7A6PQ
 .text          0x00004e04       0x10 C:/Users/ivpi/ncs/v1.9.1/nrfxlib/softdevice_controller/lib/cortex-m4/soft-float/libsoftdevice_controller_central.a(libsoftdevice_controller_s123_debug_soft__obfuscated.elf)
 .text          0x00004e14        0xc C:/Users/ivpi/ncs/v1.9.1/nrfxlib/softdevice_controller/lib/cortex-m4/soft-float/libsoftdevice_controller_central.a(libsoftdevice_controller_s123_debug_soft__obfuscated.elf)
 .text          0x00004e20        0xc C:/Users/ivpi/ncs/v1.9.1/nrfxlib/softdevice_controller/lib/cortex-m4/soft-float/libsoftdevice_controller_central.a(libsoftdevice_controller_s123_debug_soft__obfuscated.elf)
 .text          0x00004e2c        0xc C:/Users/ivpi/ncs/v1.9.1/nrfxlib/softdevice_controller/lib/cortex-m4/soft-float/libsoftdevice_controller_central.a(libsoftdevice_controller_s123_debug_soft__obfuscated.elf)
 .text          0x00004e38       0x4c C:/Users/ivpi/ncs/v1.9.1/nrfxlib/softdevice_controller/lib/cortex-m4/soft-float/libsoftdevice_controller_central.a(libsoftdevice_controller_s123_debug_soft__obfuscated.elf)
 .text          0x00004e84       0x50 C:/Users/ivpi/ncs/v1.9.1/nrfxlib/softdevice_controller/lib/cortex-m4/soft-float/libsoftdevice_controller_central.a(libsoftdevice_controller_s123_debug_soft__obfuscated.elf)
 .text          0x00004ed4       0x28 C:/Users/ivpi/ncs/v1.9.1/nrfxlib/softdevice_controller/lib/cortex-m4/soft-float/libsoftdevice_controller_central.a(libsoftdevice_controller_s123_debug_soft__obfuscated.elf)
 .text          0x00004efc       0x3c C:/Users/ivpi/ncs/v1.9.1/nrfxlib/softdevice_controller/lib/cortex-m4/soft-float/libsoftdevice_controller_central.a(libsoftdevice_controller_s123_debug_soft__obfuscated.elf)
 .text          0x00004f38      0x178 C:/Users/ivpi/ncs/v1.9.1/nrfxlib/softdevice_controller/lib/cortex-m4/soft-float/libsoftdevice_controller_central.a(libsoftdevice_controller_s123_debug_soft__obfuscated.elf)
 .text          0x000050b0       0xbc C:/Users/ivpi/ncs/v1.9.1/nrfxlib/softdevice_controller/lib/cortex-m4/soft-float/libsoftdevice_controller_central.a(libsoftdevice_controller_s123_debug_soft__obfuscated.elf)
 .text          0x0000516c       0x48 C:/Users/ivpi/ncs/v1.9.1/nrfxlib/softdevice_controller/lib/cortex-m4/soft-float/libsoftdevice_controller_central.a(libsoftdevice_controller_s123_debug_soft__obfuscated.elf)
 .text          0x000051b4       0x2c C:/Users/ivpi/ncs/v1.9.1/nrfxlib/softdevice_controller/lib/cortex-m4/soft-float/libsoftdevice_controller_central.a(libsoftdevice_controller_s123_debug_soft__obfuscated.elf)
 .text          0x000051e0       0x38 C:/Users/ivpi/ncs/v1.9.1/nrfxlib/softdevice_controller/lib/cortex-m4/soft-float/libsoftdevice_controller_central.a(libsoftdevice_controller_s123_debug_soft__obfuscated.elf)
 .text          0x00005218       0x7c C:/Users/ivpi/ncs/v1.9.1/nrfxlib/softdevice_controller/lib/cortex-m4/soft-float/libsoftdevice_controller_central.a(libsoftdevice_controller_s123_debug_soft__obfuscated.elf)
 .text          0x00005294       0x78 C:/Users/ivpi/ncs/v1.9.1/nrfxlib/softdevice_controller/lib/cortex-m4/soft-float/libsoftdevice_controller_central.a(libsoftdevice_controller_s123_debug_soft__obfuscated.elf)
 .text          0x0000530c       0x14 C:/Users/ivpi/ncs/v1.9.1/nrfxlib/softdevice_controller/lib/cortex-m4/soft-float/libsoftdevice_controller_central.a(libsoftdevice_controller_s123_debug_soft__obfuscated.elf)
 .text          0x00005320       0x7c C:/Users/ivpi/ncs/v1.9.1/nrfxlib/softdevice_controller/lib/cortex-m4/soft-float/libsoftdevice_controller_central.a(libsoftdevice_controller_s123_debug_soft__obfuscated.elf)
 .text          0x0000539c      0x184 C:/Users/ivpi/ncs/v1.9.1/nrfxlib/softdevice_controller/lib/cortex-m4/soft-float/libsoftdevice_controller_central.a(libsoftdevice_controller_s123_debug_soft__obfuscated.elf)
 .text          0x00005520       0x10 C:/Users/ivpi/ncs/v1.9.1/nrfxlib/softdevice_controller/lib/cortex-m4/soft-float/libsoftdevice_controller_central.a(libsoftdevice_controller_s123_debug_soft__obfuscated.elf)
 .text          0x00005530        0x8 C:/Users/ivpi/ncs/v1.9.1/nrfxlib/softdevice_controller/lib/cortex-m4/soft-float/libsoftdevice_controller_central.a(libsoftdevice_controller_s123_debug_soft__obfuscated.elf)
                0x00005530                sym_3Q2UQ65DVTXA3EZPN34QXGGEFSEA6HOSHLFXCMI
 .text          0x00005538       0x4c C:/Users/ivpi/ncs/v1.9.1/nrfxlib/softdevice_controller/lib/cortex-m4/soft-float/libsoftdevice_controller_central.a(libsoftdevice_controller_s123_debug_soft__obfuscated.elf)
                0x00005538                sym_ZTNYVYBM2UM3CH2NF2DF4CYN3OTLVACDURSUDOQ
 .text          0x00005584       0x18 C:/Users/ivpi/ncs/v1.9.1/nrfxlib/softdevice_controller/lib/cortex-m4/soft-float/libsoftdevice_controller_central.a(libsoftdevice_controller_s123_debug_soft__obfuscated.elf)
                0x00005584                sym_BAUTABQSJLBAZ6GNH7KOF4MJMAA6NF7CDAZNOEQ
 .text          0x0000559c       0x18 C:/Users/ivpi/ncs/v1.9.1/nrfxlib/softdevice_controller/lib/cortex-m4/soft-float/libsoftdevice_controller_central.a(libsoftdevice_controller_s123_debug_soft__obfuscated.elf)
                0x0000559c                sym_F2LWAH27IT4H2IA7TZWGNABUCWINGT6MWXH2WIA
 .text          0x000055b4       0x1c C:/Users/ivpi/ncs/v1.9.1/nrfxlib/softdevice_controller/lib/cortex-m4/soft-float/libsoftdevice_controller_central.a(libsoftdevice_controller_s123_debug_soft__obfuscated.elf)
                0x000055b4                sym_GV7ZEDU63KACGR6K3NXW7W7XARTADNTCQ3P2HLA
 .text          0x000055d0       0x50 C:/Users/ivpi/ncs/v1.9.1/nrfxlib/softdevice_controller/lib/cortex-m4/soft-float/libsoftdevice_controller_central.a(libsoftdevice_controller_s123_debug_soft__obfuscated.elf)
                0x000055d0                sym_EV54ITVX6ZJNRIULZTHEWNSCWW5GNYKPCEWELSY
 .text          0x00005620       0x4c C:/Users/ivpi/ncs/v1.9.1/nrfxlib/softdevice_controller/lib/cortex-m4/soft-float/libsoftdevice_controller_central.a(libsoftdevice_controller_s123_debug_soft__obfuscated.elf)
                0x00005620                sym_3DXBFDJKO3IQEXOOHBMVXVTLDDG5FSS3TKAZNFY
 .text          0x0000566c       0x18 C:/Users/ivpi/ncs/v1.9.1/nrfxlib/softdevice_controller/lib/cortex-m4/soft-float/libsoftdevice_controller_central.a(libsoftdevice_controller_s123_debug_soft__obfuscated.elf)
                0x0000566c                sym_PLOW4TMGVQT52FP2ERNRL6S5EELE2YO563WRPJA
 .text          0x00005684       0x28 C:/Users/ivpi/ncs/v1.9.1/nrfxlib/softdevice_controller/lib/cortex-m4/soft-float/libsoftdevice_controller_central.a(libsoftdevice_controller_s123_debug_soft__obfuscated.elf)
                0x00005684                sym_DHR6XELGSD2MHYS7JWGEPSKXD43VLKKJDN33HMA
 .text          0x000056ac       0x34 C:/Users/ivpi/ncs/v1.9.1/nrfxlib/softdevice_controller/lib/cortex-m4/soft-float/libsoftdevice_controller_central.a(libsoftdevice_controller_s123_debug_soft__obfuscated.elf)
                0x000056ac                sym_62DUXM4M5AM4URNPP7IKDX3NCPAODBT4BMADGAY
 .text          0x000056e0        0xc C:/Users/ivpi/ncs/v1.9.1/nrfxlib/softdevice_controller/lib/cortex-m4/soft-float/libsoftdevice_controller_central.a(libsoftdevice_controller_s123_debug_soft__obfuscated.elf)
                0x000056e0                sym_R5RFYNEZN3LQHKUKJDN3JLSNHLY4DPKXW3KZMYA
 .text          0x000056ec        0xc C:/Users/ivpi/ncs/v1.9.1/nrfxlib/softdevice_controller/lib/cortex-m4/soft-float/libsoftdevice_controller_central.a(libsoftdevice_controller_s123_debug_soft__obfuscated.elf)
                0x000056ec                sym_WHSZ4VQHSDNZTVWJWAYGMNU7AWSUZKLKTBUNDPY
 .text          0x000056f8       0x34 C:/Users/ivpi/ncs/v1.9.1/nrfxlib/softdevice_controller/lib/cortex-m4/soft-float/libsoftdevice_controller_central.a(libsoftdevice_controller_s123_debug_soft__obfuscated.elf)
                0x000056f8                sym_YAOI5BW7G2C6EUUY2B4S7A3CWX63A6MP2T3O5KA
 .text          0x0000572c       0x24 C:/Users/ivpi/ncs/v1.9.1/nrfxlib/softdevice_controller/lib/cortex-m4/soft-float/libsoftdevice_controller_central.a(libsoftdevice_controller_s123_debug_soft__obfuscated.elf)
                0x0000572c                sym_IJTA37LCLZMYZVQ3I74HRUK4JDZEZR23VU3JFJI
 .text          0x00005750       0x8c C:/Users/ivpi/ncs/v1.9.1/nrfxlib/softdevice_controller/lib/cortex-m4/soft-float/libsoftdevice_controller_central.a(libsoftdevice_controller_s123_debug_soft__obfuscated.elf)
                0x00005750                sym_Z3745JZ5MC4MMBP2LFCOSP7OKPPVFDOPIURJWVQ
 .text          0x000057dc       0x20 C:/Users/ivpi/ncs/v1.9.1/nrfxlib/softdevice_controller/lib/cortex-m4/soft-float/libsoftdevice_controller_central.a(libsoftdevice_controller_s123_debug_soft__obfuscated.elf)
                0x000057dc                sym_FLX2PIIVHO3CLB5CJ7E7YSNFE2YWATNH27BL53A
 .text          0x000057fc        0xc C:/Users/ivpi/ncs/v1.9.1/nrfxlib/softdevice_controller/lib/cortex-m4/soft-float/libsoftdevice_controller_central.a(libsoftdevice_controller_s123_debug_soft__obfuscated.elf)
                0x000057fc                sym_RHRHCWPUPZHCOID576WBS7QZ2KAUT2GASS2T3QY
 .text          0x00005808       0x1c C:/Users/ivpi/ncs/v1.9.1/nrfxlib/softdevice_controller/lib/cortex-m4/soft-float/libsoftdevice_controller_central.a(libsoftdevice_controller_s123_debug_soft__obfuscated.elf)
                0x00005808                sym_62B4NCI2CQZLPPINCQVCHO6SYLZVDAWVVCHWS3I
 .text          0x00005824       0x74 C:/Users/ivpi/ncs/v1.9.1/nrfxlib/softdevice_controller/lib/cortex-m4/soft-float/libsoftdevice_controller_central.a(libsoftdevice_controller_s123_debug_soft__obfuscated.elf)
                0x00005824                sym_AH5PFWTC7OGNFGHZO3OGQJX75M4BUE2VWXVZZ5A
 .text          0x00005898       0x50 C:/Users/ivpi/ncs/v1.9.1/nrfxlib/softdevice_controller/lib/cortex-m4/soft-float/libsoftdevice_controller_central.a(libsoftdevice_controller_s123_debug_soft__obfuscated.elf)
                0x00005898                sym_GHVM34OXBYILMDKR3F5DVNCQCBMJUJL5PW2RQYQ
 .text          0x000058e8       0x38 C:/Users/ivpi/ncs/v1.9.1/nrfxlib/softdevice_controller/lib/cortex-m4/soft-float/libsoftdevice_controller_central.a(libsoftdevice_controller_s123_debug_soft__obfuscated.elf)
                0x000058e8                sym_KO3VCNGABVWM4325342CFFPZBSXFKFARUCMURAY
 .text          0x00005920       0x74 C:/Users/ivpi/ncs/v1.9.1/nrfxlib/softdevice_controller/lib/cortex-m4/soft-float/libsoftdevice_controller_central.a(libsoftdevice_controller_s123_debug_soft__obfuscated.elf)
                0x00005920                sym_NCQ5WTBCV7DGPK3QI3SSY5XGKOI2SE3XFCTKQKY
 .text          0x00005994       0x30 C:/Users/ivpi/ncs/v1.9.1/nrfxlib/softdevice_controller/lib/cortex-m4/soft-float/libsoftdevice_controller_central.a(libsoftdevice_controller_s123_debug_soft__obfuscated.elf)
 .text          0x000059c4       0x28 C:/Users/ivpi/ncs/v1.9.1/nrfxlib/softdevice_controller/lib/cortex-m4/soft-float/libsoftdevice_controller_central.a(libsoftdevice_controller_s123_debug_soft__obfuscated.elf)
 .text          0x000059ec       0x38 C:/Users/ivpi/ncs/v1.9.1/nrfxlib/softdevice_controller/lib/cortex-m4/soft-float/libsoftdevice_controller_central.a(libsoftdevice_controller_s123_debug_soft__obfuscated.elf)
 .text          0x00005a24       0x44 C:/Users/ivpi/ncs/v1.9.1/nrfxlib/softdevice_controller/lib/cortex-m4/soft-float/libsoftdevice_controller_central.a(libsoftdevice_controller_s123_debug_soft__obfuscated.elf)
 .text          0x00005a68       0x4c C:/Users/ivpi/ncs/v1.9.1/nrfxlib/softdevice_controller/lib/cortex-m4/soft-float/libsoftdevice_controller_central.a(libsoftdevice_controller_s123_debug_soft__obfuscated.elf)
 .text          0x00005ab4       0x90 C:/Users/ivpi/ncs/v1.9.1/nrfxlib/softdevice_controller/lib/cortex-m4/soft-float/libsoftdevice_controller_central.a(libsoftdevice_controller_s123_debug_soft__obfuscated.elf)
 .text          0x00005b44       0x1c C:/Users/ivpi/ncs/v1.9.1/nrfxlib/softdevice_controller/lib/cortex-m4/soft-float/libsoftdevice_controller_central.a(libsoftdevice_controller_s123_debug_soft__obfuscated.elf)
 .text          0x00005b60       0x80 C:/Users/ivpi/ncs/v1.9.1/nrfxlib/softdevice_controller/lib/cortex-m4/soft-float/libsoftdevice_controller_central.a(libsoftdevice_controller_s123_debug_soft__obfuscated.elf)
                0x00005b60                sym_I6CP23ODGJWRR4E4LKGCN5RJCVBTXYTDYCCXNSQ
 .text          0x00005be0       0x60 C:/Users/ivpi/ncs/v1.9.1/nrfxlib/softdevice_controller/lib/cortex-m4/soft-float/libsoftdevice_controller_central.a(libsoftdevice_controller_s123_debug_soft__obfuscated.elf)
 .text          0x00005c40       0x2c C:/Users/ivpi/ncs/v1.9.1/nrfxlib/softdevice_controller/lib/cortex-m4/soft-float/libsoftdevice_controller_central.a(libsoftdevice_controller_s123_debug_soft__obfuscated.elf)
                0x00005c40                sym_RQLOJUGFCKCS5YSXHMF5LIHXPBLO5AO63KQE3GQ
 .text          0x00005c6c       0x1c C:/Users/ivpi/ncs/v1.9.1/nrfxlib/softdevice_controller/lib/cortex-m4/soft-float/libsoftdevice_controller_central.a(libsoftdevice_controller_s123_debug_soft__obfuscated.elf)
                0x00005c6c                sym_MAOKHHVPGVT23KVRN33B7KPEJU6F55EB66KOGDQ
 .text          0x00005c88       0xa6 C:/Users/ivpi/ncs/v1.9.1/nrfxlib/softdevice_controller/lib/cortex-m4/soft-float/libsoftdevice_controller_central.a(libsoftdevice_controller_s123_debug_soft__obfuscated.elf)
                0x00005c88                sym_KHCOV3Y476ESNIVYZPGAZMIYAIZNR3YMGCWNDEQ
 *fill*         0x00005d2e        0x2 
 .text          0x00005d30       0x86 C:/Users/ivpi/ncs/v1.9.1/nrfxlib/softdevice_controller/lib/cortex-m4/soft-float/libsoftdevice_controller_central.a(libsoftdevice_controller_s123_debug_soft__obfuscated.elf)
 *fill*         0x00005db6        0x2 
 .text          0x00005db8       0x20 C:/Users/ivpi/ncs/v1.9.1/nrfxlib/softdevice_controller/lib/cortex-m4/soft-float/libsoftdevice_controller_central.a(libsoftdevice_controller_s123_debug_soft__obfuscated.elf)
                0x00005db8                sym_AQNKAYNIT4GTGTVAKOZJZSWZBN4I6FFKO6L5AXA
 .text          0x00005dd8       0x28 C:/Users/ivpi/ncs/v1.9.1/nrfxlib/softdevice_controller/lib/cortex-m4/soft-float/libsoftdevice_controller_central.a(libsoftdevice_controller_s123_debug_soft__obfuscated.elf)
                0x00005dd8                sym_ASSU5HSD7LU7BXC2C2QNNVLB6AOHO4SQ3KK3OJY
 .text          0x00005e00       0x54 C:/Users/ivpi/ncs/v1.9.1/nrfxlib/softdevice_controller/lib/cortex-m4/soft-float/libsoftdevice_controller_central.a(libsoftdevice_controller_s123_debug_soft__obfuscated.elf)
                0x00005e00                sym_BBCGHL23UJV466BYW2SHQ2OBUQH4NLFTPMY4GQA
 .text          0x00005e54       0x9c C:/Users/ivpi/ncs/v1.9.1/nrfxlib/softdevice_controller/lib/cortex-m4/soft-float/libsoftdevice_controller_central.a(libsoftdevice_controller_s123_debug_soft__obfuscated.elf)
 .text          0x00005ef0        0xc C:/Users/ivpi/ncs/v1.9.1/nrfxlib/softdevice_controller/lib/cortex-m4/soft-float/libsoftdevice_controller_central.a(libsoftdevice_controller_s123_debug_soft__obfuscated.elf)
                0x00005ef0                sym_HHT5YV37VWRBGUMO4AOJUKOJARZKAH2OUWPZF7Q
 .text          0x00005efc       0xb8 C:/Users/ivpi/ncs/v1.9.1/nrfxlib/softdevice_controller/lib/cortex-m4/soft-float/libsoftdevice_controller_central.a(libsoftdevice_controller_s123_debug_soft__obfuscated.elf)
                0x00005efc                sym_XOOTGCSEAKA3PUKZW3QYB4DCVC2FKUP2TS5AZ5Q
 .text          0x00005fb4        0xc C:/Users/ivpi/ncs/v1.9.1/nrfxlib/softdevice_controller/lib/cortex-m4/soft-float/libsoftdevice_controller_central.a(libsoftdevice_controller_s123_debug_soft__obfuscated.elf)
                0x00005fb4                sym_VKBDHCW5KWYFAEZJJBKQNHH4JDURIHHEJCK4SOA
 .text          0x00005fc0       0x10 C:/Users/ivpi/ncs/v1.9.1/nrfxlib/softdevice_controller/lib/cortex-m4/soft-float/libsoftdevice_controller_central.a(libsoftdevice_controller_s123_debug_soft__obfuscated.elf)
                0x00005fc0                sym_QG7T3WZZ6IR4SNPFZNDFKFWZROS2N7DDO6SYZAA
 .text          0x00005fd0        0xc C:/Users/ivpi/ncs/v1.9.1/nrfxlib/softdevice_controller/lib/cortex-m4/soft-float/libsoftdevice_controller_central.a(libsoftdevice_controller_s123_debug_soft__obfuscated.elf)
                0x00005fd0                sym_7OXEUBEH2ZYHSALN3UOPU7MFQL7MGNYUFEA5ISY
 .text          0x00005fdc        0xc C:/Users/ivpi/ncs/v1.9.1/nrfxlib/softdevice_controller/lib/cortex-m4/soft-float/libsoftdevice_controller_central.a(libsoftdevice_controller_s123_debug_soft__obfuscated.elf)
                0x00005fdc                sym_ZGH42ABHAQFX3NKIMGIK7DGGJ5XWXU2KDVYEOMI
 .text          0x00005fe8       0x20 C:/Users/ivpi/ncs/v1.9.1/nrfxlib/softdevice_controller/lib/cortex-m4/soft-float/libsoftdevice_controller_central.a(libsoftdevice_controller_s123_debug_soft__obfuscated.elf)
                0x00005fe8                sym_BXRWRIA3M3K52MZ3ABK6S37OOTXMFTRBOBYS7TY
 .text          0x00006008       0x10 C:/Users/ivpi/ncs/v1.9.1/nrfxlib/softdevice_controller/lib/cortex-m4/soft-float/libsoftdevice_controller_central.a(libsoftdevice_controller_s123_debug_soft__obfuscated.elf)
                0x00006008                sym_BCSH7PD4Q4QIK5BWG4INRF5QVCQGG4KDPBAQS5Q
 .text          0x00006018       0xd8 C:/Users/ivpi/ncs/v1.9.1/nrfxlib/softdevice_controller/lib/cortex-m4/soft-float/libsoftdevice_controller_central.a(libsoftdevice_controller_s123_debug_soft__obfuscated.elf)
 .text          0x000060f0       0xbc C:/Users/ivpi/ncs/v1.9.1/nrfxlib/softdevice_controller/lib/cortex-m4/soft-float/libsoftdevice_controller_central.a(libsoftdevice_controller_s123_debug_soft__obfuscated.elf)
 .text          0x000061ac      0x13c C:/Users/ivpi/ncs/v1.9.1/nrfxlib/softdevice_controller/lib/cortex-m4/soft-float/libsoftdevice_controller_central.a(libsoftdevice_controller_s123_debug_soft__obfuscated.elf)
 .text          0x000062e8       0x18 C:/Users/ivpi/ncs/v1.9.1/nrfxlib/softdevice_controller/lib/cortex-m4/soft-float/libsoftdevice_controller_central.a(libsoftdevice_controller_s123_debug_soft__obfuscated.elf)
 .text          0x00006300       0x7c C:/Users/ivpi/ncs/v1.9.1/nrfxlib/softdevice_controller/lib/cortex-m4/soft-float/libsoftdevice_controller_central.a(libsoftdevice_controller_s123_debug_soft__obfuscated.elf)
 .text          0x0000637c       0x6c C:/Users/ivpi/ncs/v1.9.1/nrfxlib/softdevice_controller/lib/cortex-m4/soft-float/libsoftdevice_controller_central.a(libsoftdevice_controller_s123_debug_soft__obfuscated.elf)
                0x0000637c                sym_HRCF6LWSDWPWEZA7S5YQFCNRDXXCJA6WGOZECRY
 .text          0x000063e8        0xc C:/Users/ivpi/ncs/v1.9.1/nrfxlib/softdevice_controller/lib/cortex-m4/soft-float/libsoftdevice_controller_central.a(libsoftdevice_controller_s123_debug_soft__obfuscated.elf)
                0x000063e8                sym_OB2UWEVFEL4GKPILZJ4SCJU6C7A636A3X66ZULA
 .text          0x000063f4       0x58 C:/Users/ivpi/ncs/v1.9.1/nrfxlib/softdevice_controller/lib/cortex-m4/soft-float/libsoftdevice_controller_central.a(libsoftdevice_controller_s123_debug_soft__obfuscated.elf)
                0x000063f4                sym_DOABKABWEXEJSA2H5Z2UO6MFQES34UYN7XL6GMA
 .text          0x0000644c        0xc C:/Users/ivpi/ncs/v1.9.1/nrfxlib/softdevice_controller/lib/cortex-m4/soft-float/libsoftdevice_controller_central.a(libsoftdevice_controller_s123_debug_soft__obfuscated.elf)
 .text          0x00006458       0x34 C:/Users/ivpi/ncs/v1.9.1/nrfxlib/softdevice_controller/lib/cortex-m4/soft-float/libsoftdevice_controller_central.a(libsoftdevice_controller_s123_debug_soft__obfuscated.elf)
                0x00006458                sym_FHCPQPCVKCAARE2UXX76LUS47LWUSEX2HACFXDY
 .text          0x0000648c        0xc C:/Users/ivpi/ncs/v1.9.1/nrfxlib/softdevice_controller/lib/cortex-m4/soft-float/libsoftdevice_controller_central.a(libsoftdevice_controller_s123_debug_soft__obfuscated.elf)
                0x0000648c                sym_LSVSDRPU6I3TDCLLOUEM2V2AVGSQ7RX4GJRYLGY
 .text          0x00006498       0x84 C:/Users/ivpi/ncs/v1.9.1/nrfxlib/softdevice_controller/lib/cortex-m4/soft-float/libsoftdevice_controller_central.a(libsoftdevice_controller_s123_debug_soft__obfuscated.elf)
                0x00006498                sym_CAWX7VFIWXNZLGUALKXHPOWKG5OUKQTCDAWDIJQ
 .text          0x0000651c       0x2c C:/Users/ivpi/ncs/v1.9.1/nrfxlib/softdevice_controller/lib/cortex-m4/soft-float/libsoftdevice_controller_central.a(libsoftdevice_controller_s123_debug_soft__obfuscated.elf)
                0x0000651c                sym_UNILPC3WRTR35RH7UOHDW2CBEPUWSJ7EITIV3ZY
 .text          0x00006548       0x24 C:/Users/ivpi/ncs/v1.9.1/nrfxlib/softdevice_controller/lib/cortex-m4/soft-float/libsoftdevice_controller_central.a(libsoftdevice_controller_s123_debug_soft__obfuscated.elf)
                0x00006548                sym_BWOW7IRAHQYZVS3PPGHEV5NC5WFIEH4A4RVZSCY
 .text          0x0000656c       0x6c C:/Users/ivpi/ncs/v1.9.1/nrfxlib/softdevice_controller/lib/cortex-m4/soft-float/libsoftdevice_controller_central.a(libsoftdevice_controller_s123_debug_soft__obfuscated.elf)
                0x0000656c                sym_QHGHSVTF7L437YVLUCKKPDATAJPGFRYC4WKEE3Q
 .text          0x000065d8       0x10 C:/Users/ivpi/ncs/v1.9.1/nrfxlib/softdevice_controller/lib/cortex-m4/soft-float/libsoftdevice_controller_central.a(libsoftdevice_controller_s123_debug_soft__obfuscated.elf)
                0x000065d8                sym_VK3LYWW654ZNWB44W7VFNFGOUDPRKIGF72NOIJQ
 .text          0x000065e8       0x30 C:/Users/ivpi/ncs/v1.9.1/nrfxlib/softdevice_controller/lib/cortex-m4/soft-float/libsoftdevice_controller_central.a(libsoftdevice_controller_s123_debug_soft__obfuscated.elf)
                0x000065e8                sym_E2CRP72QBQBK56N4JLXHAC3TVB4DCKBR4JCPWZI
 .text          0x00006618       0x2c C:/Users/ivpi/ncs/v1.9.1/nrfxlib/softdevice_controller/lib/cortex-m4/soft-float/libsoftdevice_controller_central.a(libsoftdevice_controller_s123_debug_soft__obfuscated.elf)
                0x00006618                sym_NN7F2AFPNY6STZCCSXFBV5372QVP4U2ULKNO6YY
 .text          0x00006644       0x48 C:/Users/ivpi/ncs/v1.9.1/nrfxlib/softdevice_controller/lib/cortex-m4/soft-float/libsoftdevice_controller_central.a(libsoftdevice_controller_s123_debug_soft__obfuscated.elf)
                0x00006644                sym_CWCJBYNEE73YTWZDQ2FWMB5MOYKQIAA5AHOKAEI
 .text          0x0000668c       0x54 C:/Users/ivpi/ncs/v1.9.1/nrfxlib/softdevice_controller/lib/cortex-m4/soft-float/libsoftdevice_controller_central.a(libsoftdevice_controller_s123_debug_soft__obfuscated.elf)
                0x0000668c                sym_DKYSP3NMOGW5WL2AN37B2ETSQMQQZYB63CFPVXY
 .text          0x000066e0       0x10 C:/Users/ivpi/ncs/v1.9.1/nrfxlib/softdevice_controller/lib/cortex-m4/soft-float/libsoftdevice_controller_central.a(libsoftdevice_controller_s123_debug_soft__obfuscated.elf)
                0x000066e0                sym_NMZIVYO7OGKV6EPWB3U2ZSNCJRLWT2HQRLXCNFQ
 .text          0x000066f0       0x10 C:/Users/ivpi/ncs/v1.9.1/nrfxlib/softdevice_controller/lib/cortex-m4/soft-float/libsoftdevice_controller_central.a(libsoftdevice_controller_s123_debug_soft__obfuscated.elf)
                0x000066f0                sym_WYXBJE6NWBKILRWDCM2MMYJSSQVAUS4Y4CIL3JA
 .text          0x00006700       0x34 C:/Users/ivpi/ncs/v1.9.1/nrfxlib/softdevice_controller/lib/cortex-m4/soft-float/libsoftdevice_controller_central.a(libsoftdevice_controller_s123_debug_soft__obfuscated.elf)
                0x00006700                sym_MVPTAXVMKKJKZSZY7URPZXTLDWW3HFU23KIS2JY
 .text          0x00006734       0x6c C:/Users/ivpi/ncs/v1.9.1/nrfxlib/softdevice_controller/lib/cortex-m4/soft-float/libsoftdevice_controller_central.a(libsoftdevice_controller_s123_debug_soft__obfuscated.elf)
                0x00006734                sym_DT76CGJPKTZTBYTJ74CI3APDNUWUPZSXP2BUGWY
 .text          0x000067a0       0x1c C:/Users/ivpi/ncs/v1.9.1/nrfxlib/softdevice_controller/lib/cortex-m4/soft-float/libsoftdevice_controller_central.a(libsoftdevice_controller_s123_debug_soft__obfuscated.elf)
                0x000067a0                sym_MWLD7ADI4DKLCCAP7TV4Z4ALM2E7XBXHCX6LARQ
 .text          0x000067bc       0x1c C:/Users/ivpi/ncs/v1.9.1/nrfxlib/softdevice_controller/lib/cortex-m4/soft-float/libsoftdevice_controller_central.a(libsoftdevice_controller_s123_debug_soft__obfuscated.elf)
                0x000067bc                sym_HTKBM4AXPDDAEAMJNV3SEGKNDOKHE4XGMB7II5Q
 .text          0x000067d8       0x10 C:/Users/ivpi/ncs/v1.9.1/nrfxlib/softdevice_controller/lib/cortex-m4/soft-float/libsoftdevice_controller_central.a(libsoftdevice_controller_s123_debug_soft__obfuscated.elf)
                0x000067d8                sym_2QCSOYKJNF32ZBJORU6CJN7O5NDB7M3GD4LTM7A
 .text          0x000067e8       0x3c C:/Users/ivpi/ncs/v1.9.1/nrfxlib/softdevice_controller/lib/cortex-m4/soft-float/libsoftdevice_controller_central.a(libsoftdevice_controller_s123_debug_soft__obfuscated.elf)
                0x000067e8                sym_Y3LLBAILR6W7PLNIFAS76NKLAMZYWOKXIQMSIJY
 .text          0x00006824        0xc C:/Users/ivpi/ncs/v1.9.1/nrfxlib/softdevice_controller/lib/cortex-m4/soft-float/libsoftdevice_controller_central.a(libsoftdevice_controller_s123_debug_soft__obfuscated.elf)
                0x00006824                sym_KTO2H4NDIYSSQUUKE3NMMN4YAJAKAHZE3TQVHOY
 .text          0x00006830       0x24 C:/Users/ivpi/ncs/v1.9.1/nrfxlib/softdevice_controller/lib/cortex-m4/soft-float/libsoftdevice_controller_central.a(libsoftdevice_controller_s123_debug_soft__obfuscated.elf)
                0x00006830                sym_MTC4J2MZE6VAAPCSLUXPAJHBAOGCFLQEYGARL6I
 .text          0x00006854       0x30 C:/Users/ivpi/ncs/v1.9.1/nrfxlib/softdevice_controller/lib/cortex-m4/soft-float/libsoftdevice_controller_central.a(libsoftdevice_controller_s123_debug_soft__obfuscated.elf)
                0x00006854                sym_SPOA75Q2J6LVU6OSBDIHNSVXF4UIA7YYLMJNW6Y
 .text          0x00006884       0x10 C:/Users/ivpi/ncs/v1.9.1/nrfxlib/softdevice_controller/lib/cortex-m4/soft-float/libsoftdevice_controller_central.a(libsoftdevice_controller_s123_debug_soft__obfuscated.elf)
                0x00006884                sym_C6DXC74AFTZZCXMRWBEAHQAQL3FVDNYSC45JP5Q
 .text          0x00006894       0x3c C:/Users/ivpi/ncs/v1.9.1/nrfxlib/softdevice_controller/lib/cortex-m4/soft-float/libsoftdevice_controller_central.a(libsoftdevice_controller_s123_debug_soft__obfuscated.elf)
                0x00006894                sym_2P3U35PVPGI22WKCAIMTRDZZMPBUUYDSHVM74OA
 .text          0x000068d0       0x24 C:/Users/ivpi/ncs/v1.9.1/nrfxlib/softdevice_controller/lib/cortex-m4/soft-float/libsoftdevice_controller_central.a(libsoftdevice_controller_s123_debug_soft__obfuscated.elf)
 .text          0x000068f4       0x50 C:/Users/ivpi/ncs/v1.9.1/nrfxlib/softdevice_controller/lib/cortex-m4/soft-float/libsoftdevice_controller_central.a(libsoftdevice_controller_s123_debug_soft__obfuscated.elf)
 .text          0x00006944       0x8c C:/Users/ivpi/ncs/v1.9.1/nrfxlib/softdevice_controller/lib/cortex-m4/soft-float/libsoftdevice_controller_central.a(libsoftdevice_controller_s123_debug_soft__obfuscated.elf)
 .text          0x000069d0       0x5c C:/Users/ivpi/ncs/v1.9.1/nrfxlib/softdevice_controller/lib/cortex-m4/soft-float/libsoftdevice_controller_central.a(libsoftdevice_controller_s123_debug_soft__obfuscated.elf)
 .text          0x00006a2c       0x5c C:/Users/ivpi/ncs/v1.9.1/nrfxlib/softdevice_controller/lib/cortex-m4/soft-float/libsoftdevice_controller_central.a(libsoftdevice_controller_s123_debug_soft__obfuscated.elf)
 .text          0x00006a88       0x54 C:/Users/ivpi/ncs/v1.9.1/nrfxlib/softdevice_controller/lib/cortex-m4/soft-float/libsoftdevice_controller_central.a(libsoftdevice_controller_s123_debug_soft__obfuscated.elf)
 .text          0x00006adc       0x18 C:/Users/ivpi/ncs/v1.9.1/nrfxlib/softdevice_controller/lib/cortex-m4/soft-float/libsoftdevice_controller_central.a(libsoftdevice_controller_s123_debug_soft__obfuscated.elf)
 .text          0x00006af4       0x28 C:/Users/ivpi/ncs/v1.9.1/nrfxlib/softdevice_controller/lib/cortex-m4/soft-float/libsoftdevice_controller_central.a(libsoftdevice_controller_s123_debug_soft__obfuscated.elf)
 .text          0x00006b1c       0x58 C:/Users/ivpi/ncs/v1.9.1/nrfxlib/softdevice_controller/lib/cortex-m4/soft-float/libsoftdevice_controller_central.a(libsoftdevice_controller_s123_debug_soft__obfuscated.elf)
 .text          0x00006b74       0xfc C:/Users/ivpi/ncs/v1.9.1/nrfxlib/softdevice_controller/lib/cortex-m4/soft-float/libsoftdevice_controller_central.a(libsoftdevice_controller_s123_debug_soft__obfuscated.elf)
 .text          0x00006c70       0xec C:/Users/ivpi/ncs/v1.9.1/nrfxlib/softdevice_controller/lib/cortex-m4/soft-float/libsoftdevice_controller_central.a(libsoftdevice_controller_s123_debug_soft__obfuscated.elf)
 .text          0x00006d5c      0x1a4 C:/Users/ivpi/ncs/v1.9.1/nrfxlib/softdevice_controller/lib/cortex-m4/soft-float/libsoftdevice_controller_central.a(libsoftdevice_controller_s123_debug_soft__obfuscated.elf)
 .text          0x00006f00      0x108 C:/Users/ivpi/ncs/v1.9.1/nrfxlib/softdevice_controller/lib/cortex-m4/soft-float/libsoftdevice_controller_central.a(libsoftdevice_controller_s123_debug_soft__obfuscated.elf)
 .text          0x00007008       0x80 C:/Users/ivpi/ncs/v1.9.1/nrfxlib/softdevice_controller/lib/cortex-m4/soft-float/libsoftdevice_controller_central.a(libsoftdevice_controller_s123_debug_soft__obfuscated.elf)
 .text          0x00007088       0x80 C:/Users/ivpi/ncs/v1.9.1/nrfxlib/softdevice_controller/lib/cortex-m4/soft-float/libsoftdevice_controller_central.a(libsoftdevice_controller_s123_debug_soft__obfuscated.elf)
 .text          0x00007108       0x4c C:/Users/ivpi/ncs/v1.9.1/nrfxlib/softdevice_controller/lib/cortex-m4/soft-float/libsoftdevice_controller_central.a(libsoftdevice_controller_s123_debug_soft__obfuscated.elf)
 .text          0x00007154       0x34 C:/Users/ivpi/ncs/v1.9.1/nrfxlib/softdevice_controller/lib/cortex-m4/soft-float/libsoftdevice_controller_central.a(libsoftdevice_controller_s123_debug_soft__obfuscated.elf)
 .text          0x00007188       0x18 C:/Users/ivpi/ncs/v1.9.1/nrfxlib/softdevice_controller/lib/cortex-m4/soft-float/libsoftdevice_controller_central.a(libsoftdevice_controller_s123_debug_soft__obfuscated.elf)
 .text          0x000071a0       0x24 C:/Users/ivpi/ncs/v1.9.1/nrfxlib/softdevice_controller/lib/cortex-m4/soft-float/libsoftdevice_controller_central.a(libsoftdevice_controller_s123_debug_soft__obfuscated.elf)
 .text          0x000071c4       0xd4 C:/Users/ivpi/ncs/v1.9.1/nrfxlib/softdevice_controller/lib/cortex-m4/soft-float/libsoftdevice_controller_central.a(libsoftdevice_controller_s123_debug_soft__obfuscated.elf)
 .text          0x00007298       0x54 C:/Users/ivpi/ncs/v1.9.1/nrfxlib/softdevice_controller/lib/cortex-m4/soft-float/libsoftdevice_controller_central.a(libsoftdevice_controller_s123_debug_soft__obfuscated.elf)
 .text          0x000072ec       0x24 C:/Users/ivpi/ncs/v1.9.1/nrfxlib/softdevice_controller/lib/cortex-m4/soft-float/libsoftdevice_controller_central.a(libsoftdevice_controller_s123_debug_soft__obfuscated.elf)
 .text          0x00007310       0x38 C:/Users/ivpi/ncs/v1.9.1/nrfxlib/softdevice_controller/lib/cortex-m4/soft-float/libsoftdevice_controller_central.a(libsoftdevice_controller_s123_debug_soft__obfuscated.elf)
 .text          0x00007348       0x44 C:/Users/ivpi/ncs/v1.9.1/nrfxlib/softdevice_controller/lib/cortex-m4/soft-float/libsoftdevice_controller_central.a(libsoftdevice_controller_s123_debug_soft__obfuscated.elf)
 .text          0x0000738c       0xe0 C:/Users/ivpi/ncs/v1.9.1/nrfxlib/softdevice_controller/lib/cortex-m4/soft-float/libsoftdevice_controller_central.a(libsoftdevice_controller_s123_debug_soft__obfuscated.elf)
 .text          0x0000746c       0x30 C:/Users/ivpi/ncs/v1.9.1/nrfxlib/softdevice_controller/lib/cortex-m4/soft-float/libsoftdevice_controller_central.a(libsoftdevice_controller_s123_debug_soft__obfuscated.elf)
 .text          0x0000749c       0x50 C:/Users/ivpi/ncs/v1.9.1/nrfxlib/softdevice_controller/lib/cortex-m4/soft-float/libsoftdevice_controller_central.a(libsoftdevice_controller_s123_debug_soft__obfuscated.elf)
 .text          0x000074ec       0x20 C:/Users/ivpi/ncs/v1.9.1/nrfxlib/softdevice_controller/lib/cortex-m4/soft-float/libsoftdevice_controller_central.a(libsoftdevice_controller_s123_debug_soft__obfuscated.elf)
 .text          0x0000750c       0x10 C:/Users/ivpi/ncs/v1.9.1/nrfxlib/softdevice_controller/lib/cortex-m4/soft-float/libsoftdevice_controller_central.a(libsoftdevice_controller_s123_debug_soft__obfuscated.elf)
 .text          0x0000751c       0xa0 C:/Users/ivpi/ncs/v1.9.1/nrfxlib/softdevice_controller/lib/cortex-m4/soft-float/libsoftdevice_controller_central.a(libsoftdevice_controller_s123_debug_soft__obfuscated.elf)
 .text          0x000075bc       0x84 C:/Users/ivpi/ncs/v1.9.1/nrfxlib/softdevice_controller/lib/cortex-m4/soft-float/libsoftdevice_controller_central.a(libsoftdevice_controller_s123_debug_soft__obfuscated.elf)
 .text          0x00007640       0x34 C:/Users/ivpi/ncs/v1.9.1/nrfxlib/softdevice_controller/lib/cortex-m4/soft-float/libsoftdevice_controller_central.a(libsoftdevice_controller_s123_debug_soft__obfuscated.elf)
 .text          0x00007674       0x84 C:/Users/ivpi/ncs/v1.9.1/nrfxlib/softdevice_controller/lib/cortex-m4/soft-float/libsoftdevice_controller_central.a(libsoftdevice_controller_s123_debug_soft__obfuscated.elf)
 .text          0x000076f8       0x3c C:/Users/ivpi/ncs/v1.9.1/nrfxlib/softdevice_controller/lib/cortex-m4/soft-float/libsoftdevice_controller_central.a(libsoftdevice_controller_s123_debug_soft__obfuscated.elf)
 .text          0x00007734        0x8 C:/Users/ivpi/ncs/v1.9.1/nrfxlib/softdevice_controller/lib/cortex-m4/soft-float/libsoftdevice_controller_central.a(libsoftdevice_controller_s123_debug_soft__obfuscated.elf)
 .text          0x0000773c        0x8 C:/Users/ivpi/ncs/v1.9.1/nrfxlib/softdevice_controller/lib/cortex-m4/soft-float/libsoftdevice_controller_central.a(libsoftdevice_controller_s123_debug_soft__obfuscated.elf)
 .text          0x00007744        0x8 C:/Users/ivpi/ncs/v1.9.1/nrfxlib/softdevice_controller/lib/cortex-m4/soft-float/libsoftdevice_controller_central.a(libsoftdevice_controller_s123_debug_soft__obfuscated.elf)
 .text          0x0000774c        0x8 C:/Users/ivpi/ncs/v1.9.1/nrfxlib/softdevice_controller/lib/cortex-m4/soft-float/libsoftdevice_controller_central.a(libsoftdevice_controller_s123_debug_soft__obfuscated.elf)
 .text          0x00007754       0x1c C:/Users/ivpi/ncs/v1.9.1/nrfxlib/softdevice_controller/lib/cortex-m4/soft-float/libsoftdevice_controller_central.a(libsoftdevice_controller_s123_debug_soft__obfuscated.elf)
 .text          0x00007770       0x10 C:/Users/ivpi/ncs/v1.9.1/nrfxlib/softdevice_controller/lib/cortex-m4/soft-float/libsoftdevice_controller_central.a(libsoftdevice_controller_s123_debug_soft__obfuscated.elf)
 .text          0x00007780       0xea C:/Users/ivpi/ncs/v1.9.1/nrfxlib/softdevice_controller/lib/cortex-m4/soft-float/libsoftdevice_controller_central.a(libsoftdevice_controller_s123_debug_soft__obfuscated.elf)
                0x00007780                sym_APQBQYVRLINLVCFXLBBEITGXGOI22AKEZA4TBXI
 *fill*         0x0000786a        0x2 
 .text          0x0000786c       0x70 C:/Users/ivpi/ncs/v1.9.1/nrfxlib/softdevice_controller/lib/cortex-m4/soft-float/libsoftdevice_controller_central.a(libsoftdevice_controller_s123_debug_soft__obfuscated.elf)
                0x0000786c                sym_H6SJIQXHKN7VVG6C62ASOS3CUN62ZMELS5YDO4I
 .text          0x000078dc       0x44 C:/Users/ivpi/ncs/v1.9.1/nrfxlib/softdevice_controller/lib/cortex-m4/soft-float/libsoftdevice_controller_central.a(libsoftdevice_controller_s123_debug_soft__obfuscated.elf)
                0x000078dc                sym_SVA6DLBGPY6XV2V2F4HOMHWDPSDIRD722L2FDEI
 .text          0x00007920       0x70 C:/Users/ivpi/ncs/v1.9.1/nrfxlib/softdevice_controller/lib/cortex-m4/soft-float/libsoftdevice_controller_central.a(libsoftdevice_controller_s123_debug_soft__obfuscated.elf)
                0x00007920                sym_75TAEO5RFHKNVZFZHMOMYUKRALUIDEKJ3QZBZUI
 .text          0x00007990       0x6c C:/Users/ivpi/ncs/v1.9.1/nrfxlib/softdevice_controller/lib/cortex-m4/soft-float/libsoftdevice_controller_central.a(libsoftdevice_controller_s123_debug_soft__obfuscated.elf)
                0x00007990                sym_FWBDPDM7VY7WBRWZ3WP5JROXJKUZAWVORDIS6GI
 .text          0x000079fc       0x9c C:/Users/ivpi/ncs/v1.9.1/nrfxlib/softdevice_controller/lib/cortex-m4/soft-float/libsoftdevice_controller_central.a(libsoftdevice_controller_s123_debug_soft__obfuscated.elf)
                0x000079fc                sym_DZTS4L2RU3BVZZFRH3V4WKNMY7L544NVD52YT6Q
 .text          0x00007a98       0x3c C:/Users/ivpi/ncs/v1.9.1/nrfxlib/softdevice_controller/lib/cortex-m4/soft-float/libsoftdevice_controller_central.a(libsoftdevice_controller_s123_debug_soft__obfuscated.elf)
                0x00007a98                sym_R2R62GLIY7S3OCJMRDPIB4TBZFUG2AN7TI7ERPI
 .text          0x00007ad4       0x18 C:/Users/ivpi/ncs/v1.9.1/nrfxlib/softdevice_controller/lib/cortex-m4/soft-float/libsoftdevice_controller_central.a(libsoftdevice_controller_s123_debug_soft__obfuscated.elf)
                0x00007ad4                sym_C2OROK7MMAFVDZS534TELVVJ2FCCBKQAERGDZHY
 .text          0x00007aec       0x88 C:/Users/ivpi/ncs/v1.9.1/nrfxlib/softdevice_controller/lib/cortex-m4/soft-float/libsoftdevice_controller_central.a(libsoftdevice_controller_s123_debug_soft__obfuscated.elf)
                0x00007aec                sym_FOQ3QPGOR6JQQMW2UGNYKWNNYYOKZLMCFF3HUQI
 .text          0x00007b74       0x10 C:/Users/ivpi/ncs/v1.9.1/nrfxlib/softdevice_controller/lib/cortex-m4/soft-float/libsoftdevice_controller_central.a(libsoftdevice_controller_s123_debug_soft__obfuscated.elf)
                0x00007b74                sym_GM7QU7LP6UH4DZPOIR7WHUEKZSOPEOATHYRRTQI
 .text          0x00007b84        0xc C:/Users/ivpi/ncs/v1.9.1/nrfxlib/softdevice_controller/lib/cortex-m4/soft-float/libsoftdevice_controller_central.a(libsoftdevice_controller_s123_debug_soft__obfuscated.elf)
                0x00007b84                sym_O5ZKMVYIIKH3EAJRECXZFOUFXDW4MCMBS67KZZI
 .text          0x00007b90       0x28 C:/Users/ivpi/ncs/v1.9.1/nrfxlib/softdevice_controller/lib/cortex-m4/soft-float/libsoftdevice_controller_central.a(libsoftdevice_controller_s123_debug_soft__obfuscated.elf)
                0x00007b90                sym_O7FTLHSXUHTIGFFOSF4LH5PJ5IHCQIFPCODTDKI
 .text          0x00007bb8       0x78 C:/Users/ivpi/ncs/v1.9.1/nrfxlib/softdevice_controller/lib/cortex-m4/soft-float/libsoftdevice_controller_central.a(libsoftdevice_controller_s123_debug_soft__obfuscated.elf)
                0x00007bb8                sym_4SBBLL64WWP4ZG5OZI4AZRNE5QSDGST5WG4LTOA
 .text          0x00007c30       0x6c C:/Users/ivpi/ncs/v1.9.1/nrfxlib/softdevice_controller/lib/cortex-m4/soft-float/libsoftdevice_controller_central.a(libsoftdevice_controller_s123_debug_soft__obfuscated.elf)
                0x00007c30                sym_Q2F2U6CZWIZT5YZN73XVBXN5RQLCGTRVRP74TUQ
 .text          0x00007c9c        0xc C:/Users/ivpi/ncs/v1.9.1/nrfxlib/softdevice_controller/lib/cortex-m4/soft-float/libsoftdevice_controller_central.a(libsoftdevice_controller_s123_debug_soft__obfuscated.elf)
                0x00007c9c                sym_6A56LMFOW5CXUIKYPP4TFUBTCQL6RLVLTWUNNWQ
 .text          0x00007ca8       0x38 C:/Users/ivpi/ncs/v1.9.1/nrfxlib/softdevice_controller/lib/cortex-m4/soft-float/libsoftdevice_controller_central.a(libsoftdevice_controller_s123_debug_soft__obfuscated.elf)
                0x00007ca8                sym_55O3MNUIQHFB3ZIFUNFWN7FWVNGYLI4M2WMX5NQ
 .text          0x00007ce0       0x68 C:/Users/ivpi/ncs/v1.9.1/nrfxlib/softdevice_controller/lib/cortex-m4/soft-float/libsoftdevice_controller_central.a(libsoftdevice_controller_s123_debug_soft__obfuscated.elf)
 .text          0x00007d48       0x20 C:/Users/ivpi/ncs/v1.9.1/nrfxlib/softdevice_controller/lib/cortex-m4/soft-float/libsoftdevice_controller_central.a(libsoftdevice_controller_s123_debug_soft__obfuscated.elf)
 .text          0x00007d68      0x118 C:/Users/ivpi/ncs/v1.9.1/nrfxlib/softdevice_controller/lib/cortex-m4/soft-float/libsoftdevice_controller_central.a(libsoftdevice_controller_s123_debug_soft__obfuscated.elf)
 .text          0x00007e80       0x34 C:/Users/ivpi/ncs/v1.9.1/nrfxlib/softdevice_controller/lib/cortex-m4/soft-float/libsoftdevice_controller_central.a(libsoftdevice_controller_s123_debug_soft__obfuscated.elf)
 .text          0x00007eb4       0x38 C:/Users/ivpi/ncs/v1.9.1/nrfxlib/softdevice_controller/lib/cortex-m4/soft-float/libsoftdevice_controller_central.a(libsoftdevice_controller_s123_debug_soft__obfuscated.elf)
 .text          0x00007eec       0xf4 C:/Users/ivpi/ncs/v1.9.1/nrfxlib/softdevice_controller/lib/cortex-m4/soft-float/libsoftdevice_controller_central.a(libsoftdevice_controller_s123_debug_soft__obfuscated.elf)
 .text          0x00007fe0       0x20 C:/Users/ivpi/ncs/v1.9.1/nrfxlib/softdevice_controller/lib/cortex-m4/soft-float/libsoftdevice_controller_central.a(libsoftdevice_controller_s123_debug_soft__obfuscated.elf)
 .text          0x00008000       0x7c C:/Users/ivpi/ncs/v1.9.1/nrfxlib/softdevice_controller/lib/cortex-m4/soft-float/libsoftdevice_controller_central.a(libsoftdevice_controller_s123_debug_soft__obfuscated.elf)
 .text          0x0000807c       0x54 C:/Users/ivpi/ncs/v1.9.1/nrfxlib/softdevice_controller/lib/cortex-m4/soft-float/libsoftdevice_controller_central.a(libsoftdevice_controller_s123_debug_soft__obfuscated.elf)
 .text          0x000080d0       0xf8 C:/Users/ivpi/ncs/v1.9.1/nrfxlib/softdevice_controller/lib/cortex-m4/soft-float/libsoftdevice_controller_central.a(libsoftdevice_controller_s123_debug_soft__obfuscated.elf)
 .text          0x000081c8      0x15c C:/Users/ivpi/ncs/v1.9.1/nrfxlib/softdevice_controller/lib/cortex-m4/soft-float/libsoftdevice_controller_central.a(libsoftdevice_controller_s123_debug_soft__obfuscated.elf)
 .text          0x00008324       0x88 C:/Users/ivpi/ncs/v1.9.1/nrfxlib/softdevice_controller/lib/cortex-m4/soft-float/libsoftdevice_controller_central.a(libsoftdevice_controller_s123_debug_soft__obfuscated.elf)
 .text          0x000083ac       0x28 C:/Users/ivpi/ncs/v1.9.1/nrfxlib/softdevice_controller/lib/cortex-m4/soft-float/libsoftdevice_controller_central.a(libsoftdevice_controller_s123_debug_soft__obfuscated.elf)
 .text          0x000083d4       0x78 C:/Users/ivpi/ncs/v1.9.1/nrfxlib/softdevice_controller/lib/cortex-m4/soft-float/libsoftdevice_controller_central.a(libsoftdevice_controller_s123_debug_soft__obfuscated.elf)
 .text          0x0000844c       0x94 C:/Users/ivpi/ncs/v1.9.1/nrfxlib/softdevice_controller/lib/cortex-m4/soft-float/libsoftdevice_controller_central.a(libsoftdevice_controller_s123_debug_soft__obfuscated.elf)
 .text          0x000084e0      0x234 C:/Users/ivpi/ncs/v1.9.1/nrfxlib/softdevice_controller/lib/cortex-m4/soft-float/libsoftdevice_controller_central.a(libsoftdevice_controller_s123_debug_soft__obfuscated.elf)
 .text          0x00008714       0x2c C:/Users/ivpi/ncs/v1.9.1/nrfxlib/softdevice_controller/lib/cortex-m4/soft-float/libsoftdevice_controller_central.a(libsoftdevice_controller_s123_debug_soft__obfuscated.elf)
 .text          0x00008740       0x54 C:/Users/ivpi/ncs/v1.9.1/nrfxlib/softdevice_controller/lib/cortex-m4/soft-float/libsoftdevice_controller_central.a(libsoftdevice_controller_s123_debug_soft__obfuscated.elf)
 .text          0x00008794       0x34 C:/Users/ivpi/ncs/v1.9.1/nrfxlib/softdevice_controller/lib/cortex-m4/soft-float/libsoftdevice_controller_central.a(libsoftdevice_controller_s123_debug_soft__obfuscated.elf)
 .text          0x000087c8       0x18 C:/Users/ivpi/ncs/v1.9.1/nrfxlib/softdevice_controller/lib/cortex-m4/soft-float/libsoftdevice_controller_central.a(libsoftdevice_controller_s123_debug_soft__obfuscated.elf)
 .text          0x000087e0       0x24 C:/Users/ivpi/ncs/v1.9.1/nrfxlib/softdevice_controller/lib/cortex-m4/soft-float/libsoftdevice_controller_central.a(libsoftdevice_controller_s123_debug_soft__obfuscated.elf)
 .text          0x00008804       0x44 C:/Users/ivpi/ncs/v1.9.1/nrfxlib/softdevice_controller/lib/cortex-m4/soft-float/libsoftdevice_controller_central.a(libsoftdevice_controller_s123_debug_soft__obfuscated.elf)
 .text          0x00008848       0x30 C:/Users/ivpi/ncs/v1.9.1/nrfxlib/softdevice_controller/lib/cortex-m4/soft-float/libsoftdevice_controller_central.a(libsoftdevice_controller_s123_debug_soft__obfuscated.elf)
                0x00008848                sym_MGQDGNJ74VJJHVTKWJOWJH5EBSV45Q2XONQQ5WQ
 .text          0x00008878      0x20c C:/Users/ivpi/ncs/v1.9.1/nrfxlib/softdevice_controller/lib/cortex-m4/soft-float/libsoftdevice_controller_central.a(libsoftdevice_controller_s123_debug_soft__obfuscated.elf)
                0x00008878                sym_7O4TUQ5M7Q3KRCIQ2SPFGVQDIFYV727FSNLFGKI
 .text          0x00008a84       0x5c C:/Users/ivpi/ncs/v1.9.1/nrfxlib/softdevice_controller/lib/cortex-m4/soft-float/libsoftdevice_controller_central.a(libsoftdevice_controller_s123_debug_soft__obfuscated.elf)
                0x00008a84                sym_XMSQSHOMUQJNNSSEXDAX4NHMQIFY5G5ZMQIBDRA
 .text          0x00008ae0       0xd8 C:/Users/ivpi/ncs/v1.9.1/nrfxlib/softdevice_controller/lib/cortex-m4/soft-float/libsoftdevice_controller_central.a(libsoftdevice_controller_s123_debug_soft__obfuscated.elf)
                0x00008ae0                sym_JMIQO3ILZD7SKROBEXXUMUGX2B5S6MSFF2CM3XY
 .text          0x00008bb8       0x30 C:/Users/ivpi/ncs/v1.9.1/nrfxlib/softdevice_controller/lib/cortex-m4/soft-float/libsoftdevice_controller_central.a(libsoftdevice_controller_s123_debug_soft__obfuscated.elf)
                0x00008bb8                sym_MEJ7N2FHYOI6WKBF6QPZGKUNC3JXLY6XDOIDFTY
 .text          0x00008be8       0xec C:/Users/ivpi/ncs/v1.9.1/nrfxlib/softdevice_controller/lib/cortex-m4/soft-float/libsoftdevice_controller_central.a(libsoftdevice_controller_s123_debug_soft__obfuscated.elf)
                0x00008be8                sym_C4R73COZU7NKK6UAUGTJ6HNWDG7QPVROF5RMZMA
 .text          0x00008cd4       0x3c C:/Users/ivpi/ncs/v1.9.1/nrfxlib/softdevice_controller/lib/cortex-m4/soft-float/libsoftdevice_controller_central.a(libsoftdevice_controller_s123_debug_soft__obfuscated.elf)
 .text          0x00008d10       0x34 C:/Users/ivpi/ncs/v1.9.1/nrfxlib/softdevice_controller/lib/cortex-m4/soft-float/libsoftdevice_controller_central.a(libsoftdevice_controller_s123_debug_soft__obfuscated.elf)
 .text          0x00008d44       0xb0 C:/Users/ivpi/ncs/v1.9.1/nrfxlib/softdevice_controller/lib/cortex-m4/soft-float/libsoftdevice_controller_central.a(libsoftdevice_controller_s123_debug_soft__obfuscated.elf)
 .text          0x00008df4       0x38 C:/Users/ivpi/ncs/v1.9.1/nrfxlib/softdevice_controller/lib/cortex-m4/soft-float/libsoftdevice_controller_central.a(libsoftdevice_controller_s123_debug_soft__obfuscated.elf)
 .text          0x00008e2c      0x224 C:/Users/ivpi/ncs/v1.9.1/nrfxlib/softdevice_controller/lib/cortex-m4/soft-float/libsoftdevice_controller_central.a(libsoftdevice_controller_s123_debug_soft__obfuscated.elf)
 .text          0x00009050       0x30 C:/Users/ivpi/ncs/v1.9.1/nrfxlib/softdevice_controller/lib/cortex-m4/soft-float/libsoftdevice_controller_central.a(libsoftdevice_controller_s123_debug_soft__obfuscated.elf)
 .text          0x00009080       0x94 C:/Users/ivpi/ncs/v1.9.1/nrfxlib/softdevice_controller/lib/cortex-m4/soft-float/libsoftdevice_controller_central.a(libsoftdevice_controller_s123_debug_soft__obfuscated.elf)
 .text          0x00009114       0x84 C:/Users/ivpi/ncs/v1.9.1/nrfxlib/softdevice_controller/lib/cortex-m4/soft-float/libsoftdevice_controller_central.a(libsoftdevice_controller_s123_debug_soft__obfuscated.elf)
 .text          0x00009198       0x4c C:/Users/ivpi/ncs/v1.9.1/nrfxlib/softdevice_controller/lib/cortex-m4/soft-float/libsoftdevice_controller_central.a(libsoftdevice_controller_s123_debug_soft__obfuscated.elf)
 .text          0x000091e4      0x1e0 C:/Users/ivpi/ncs/v1.9.1/nrfxlib/softdevice_controller/lib/cortex-m4/soft-float/libsoftdevice_controller_central.a(libsoftdevice_controller_s123_debug_soft__obfuscated.elf)
 .text          0x000093c4       0xa8 C:/Users/ivpi/ncs/v1.9.1/nrfxlib/softdevice_controller/lib/cortex-m4/soft-float/libsoftdevice_controller_central.a(libsoftdevice_controller_s123_debug_soft__obfuscated.elf)
 .text          0x0000946c       0x54 C:/Users/ivpi/ncs/v1.9.1/nrfxlib/softdevice_controller/lib/cortex-m4/soft-float/libsoftdevice_controller_central.a(libsoftdevice_controller_s123_debug_soft__obfuscated.elf)
 .text          0x000094c0      0x158 C:/Users/ivpi/ncs/v1.9.1/nrfxlib/softdevice_controller/lib/cortex-m4/soft-float/libsoftdevice_controller_central.a(libsoftdevice_controller_s123_debug_soft__obfuscated.elf)
 .text          0x00009618       0x80 C:/Users/ivpi/ncs/v1.9.1/nrfxlib/softdevice_controller/lib/cortex-m4/soft-float/libsoftdevice_controller_central.a(libsoftdevice_controller_s123_debug_soft__obfuscated.elf)
 .text          0x00009698       0x88 C:/Users/ivpi/ncs/v1.9.1/nrfxlib/softdevice_controller/lib/cortex-m4/soft-float/libsoftdevice_controller_central.a(libsoftdevice_controller_s123_debug_soft__obfuscated.elf)
 .text          0x00009720       0x88 C:/Users/ivpi/ncs/v1.9.1/nrfxlib/softdevice_controller/lib/cortex-m4/soft-float/libsoftdevice_controller_central.a(libsoftdevice_controller_s123_debug_soft__obfuscated.elf)
 .text          0x000097a8       0x48 C:/Users/ivpi/ncs/v1.9.1/nrfxlib/softdevice_controller/lib/cortex-m4/soft-float/libsoftdevice_controller_central.a(libsoftdevice_controller_s123_debug_soft__obfuscated.elf)